Component: ARM Compiler 5.06 update 7 (build 960) Tool: armlink [4d3601]

==============================================================================

Section Cross References

    startup_stm32f40_41xxx.o(STACK) refers (Special) to heapauxi.o(.text) for __use_two_region_memory
    startup_stm32f40_41xxx.o(HEAP) refers (Special) to heapauxi.o(.text) for __use_two_region_memory
    startup_stm32f40_41xxx.o(RESET) refers (Special) to heapauxi.o(.text) for __use_two_region_memory
    startup_stm32f40_41xxx.o(RESET) refers to startup_stm32f40_41xxx.o(STACK) for __initial_sp
    startup_stm32f40_41xxx.o(RESET) refers to startup_stm32f40_41xxx.o(.text) for Reset_Handler
    startup_stm32f40_41xxx.o(RESET) refers to stm32f4xx_it_1.o(i.NMI_Handler) for NMI_Handler
    startup_stm32f40_41xxx.o(RESET) refers to stm32f4xx_it_1.o(i.HardFault_Handler) for HardFault_Handler
    startup_stm32f40_41xxx.o(RESET) refers to stm32f4xx_it_1.o(i.MemManage_Handler) for MemManage_Handler
    startup_stm32f40_41xxx.o(RESET) refers to stm32f4xx_it_1.o(i.BusFault_Handler) for BusFault_Handler
    startup_stm32f40_41xxx.o(RESET) refers to stm32f4xx_it_1.o(i.UsageFault_Handler) for UsageFault_Handler
    startup_stm32f40_41xxx.o(RESET) refers to stm32f4xx_it_1.o(i.SVC_Handler) for SVC_Handler
    startup_stm32f40_41xxx.o(RESET) refers to stm32f4xx_it_1.o(i.DebugMon_Handler) for DebugMon_Handler
    startup_stm32f40_41xxx.o(RESET) refers to stm32f4xx_it_1.o(i.PendSV_Handler) for PendSV_Handler
    startup_stm32f40_41xxx.o(RESET) refers to stm32f4xx_it_1.o(i.SysTick_Handler) for SysTick_Handler
    startup_stm32f40_41xxx.o(RESET) refers to uart.o(i.USART1_IRQHandler) for USART1_IRQHandler
    startup_stm32f40_41xxx.o(.text) refers (Special) to heapauxi.o(.text) for __use_two_region_memory
    startup_stm32f40_41xxx.o(.text) refers to system_stm32f4xx_1.o(i.SystemInit) for SystemInit
    startup_stm32f40_41xxx.o(.text) refers to __main.o(!!!main) for __main
    startup_stm32f40_41xxx.o(.text) refers to startup_stm32f40_41xxx.o(HEAP) for Heap_Mem
    startup_stm32f40_41xxx.o(.text) refers to startup_stm32f40_41xxx.o(STACK) for Stack_Mem
    system_stm32f4xx_1.o(i.SystemCoreClockUpdate) refers to system_stm32f4xx_1.o(.data) for SystemCoreClock
    system_stm32f4xx_1.o(i.SystemInit) refers to system_stm32f4xx_1.o(i.SetSysClock) for SetSysClock
    stm32f4xx_adc.o(i.ADC_DeInit) refers to stm32f4xx_rcc.o(i.RCC_APB2PeriphResetCmd) for RCC_APB2PeriphResetCmd
    stm32f4xx_can.o(i.CAN_DeInit) refers to stm32f4xx_rcc.o(i.RCC_APB1PeriphResetCmd) for RCC_APB1PeriphResetCmd
    stm32f4xx_can.o(i.CAN_GetITStatus) refers to stm32f4xx_can.o(i.CheckITStatus) for CheckITStatus
    stm32f4xx_cryp.o(i.CRYP_DeInit) refers to stm32f4xx_rcc.o(i.RCC_AHB2PeriphResetCmd) for RCC_AHB2PeriphResetCmd
    stm32f4xx_cryp_aes.o(i.CRYP_AES_CBC) refers to stm32f4xx_cryp.o(i.CRYP_KeyStructInit) for CRYP_KeyStructInit
    stm32f4xx_cryp_aes.o(i.CRYP_AES_CBC) refers to stm32f4xx_cryp.o(i.CRYP_FIFOFlush) for CRYP_FIFOFlush
    stm32f4xx_cryp_aes.o(i.CRYP_AES_CBC) refers to stm32f4xx_cryp.o(i.CRYP_Init) for CRYP_Init
    stm32f4xx_cryp_aes.o(i.CRYP_AES_CBC) refers to stm32f4xx_cryp.o(i.CRYP_KeyInit) for CRYP_KeyInit
    stm32f4xx_cryp_aes.o(i.CRYP_AES_CBC) refers to stm32f4xx_cryp.o(i.CRYP_Cmd) for CRYP_Cmd
    stm32f4xx_cryp_aes.o(i.CRYP_AES_CBC) refers to stm32f4xx_cryp.o(i.CRYP_GetFlagStatus) for CRYP_GetFlagStatus
    stm32f4xx_cryp_aes.o(i.CRYP_AES_CBC) refers to stm32f4xx_cryp.o(i.CRYP_IVInit) for CRYP_IVInit
    stm32f4xx_cryp_aes.o(i.CRYP_AES_CBC) refers to stm32f4xx_cryp.o(i.CRYP_GetCmdStatus) for CRYP_GetCmdStatus
    stm32f4xx_cryp_aes.o(i.CRYP_AES_CBC) refers to stm32f4xx_cryp.o(i.CRYP_DataIn) for CRYP_DataIn
    stm32f4xx_cryp_aes.o(i.CRYP_AES_CBC) refers to stm32f4xx_cryp.o(i.CRYP_DataOut) for CRYP_DataOut
    stm32f4xx_cryp_aes.o(i.CRYP_AES_CCM) refers to stm32f4xx_cryp.o(i.CRYP_KeyStructInit) for CRYP_KeyStructInit
    stm32f4xx_cryp_aes.o(i.CRYP_AES_CCM) refers to stm32f4xx_cryp.o(i.CRYP_FIFOFlush) for CRYP_FIFOFlush
    stm32f4xx_cryp_aes.o(i.CRYP_AES_CCM) refers to stm32f4xx_cryp.o(i.CRYP_KeyInit) for CRYP_KeyInit
    stm32f4xx_cryp_aes.o(i.CRYP_AES_CCM) refers to stm32f4xx_cryp.o(i.CRYP_IVInit) for CRYP_IVInit
    stm32f4xx_cryp_aes.o(i.CRYP_AES_CCM) refers to stm32f4xx_cryp.o(i.CRYP_Init) for CRYP_Init
    stm32f4xx_cryp_aes.o(i.CRYP_AES_CCM) refers to stm32f4xx_cryp.o(i.CRYP_PhaseConfig) for CRYP_PhaseConfig
    stm32f4xx_cryp_aes.o(i.CRYP_AES_CCM) refers to stm32f4xx_cryp.o(i.CRYP_DataIn) for CRYP_DataIn
    stm32f4xx_cryp_aes.o(i.CRYP_AES_CCM) refers to stm32f4xx_cryp.o(i.CRYP_Cmd) for CRYP_Cmd
    stm32f4xx_cryp_aes.o(i.CRYP_AES_CCM) refers to stm32f4xx_cryp.o(i.CRYP_GetCmdStatus) for CRYP_GetCmdStatus
    stm32f4xx_cryp_aes.o(i.CRYP_AES_CCM) refers to stm32f4xx_cryp.o(i.CRYP_GetFlagStatus) for CRYP_GetFlagStatus
    stm32f4xx_cryp_aes.o(i.CRYP_AES_CCM) refers to stm32f4xx_cryp.o(i.CRYP_DataOut) for CRYP_DataOut
[...]
    .emb_text                                0x0800031c   Section        0  maybetermalloc1.o(.emb_text)
    .text                                    0x0800031c   Section       64  startup_stm32f40_41xxx.o(.text)
    $v0                                      0x0800031c   Number         0  startup_stm32f40_41xxx.o(.text)
    .text                                    0x0800035c   Section        0  h1_alloc.o(.text)
    .text                                    0x080003ba   Section        0  h1_free.o(.text)
    .text                                    0x08000408   Section       38  llshl.o(.text)
    .text                                    0x0800042e   Section       38  llushr.o(.text)
    .text                                    0x08000454   Section        0  vsnprintf.o(.text)
    .text                                    0x08000488   Section      138  rt_memcpy_v6.o(.text)
    .text                                    0x08000512   Section        0  heapauxi.o(.text)
    .text                                    0x08000518   Section        8  rt_heap_descriptor_intlibspace.o(.text)
    .text                                    0x08000520   Section        0  hguard.o(.text)
    .text                                    0x08000524   Section        0  init_alloc.o(.text)
    .text                                    0x080005ae   Section        0  h1_init.o(.text)
    .text                                    0x080005bc   Section        0  _printf_pad.o(.text)
    .text                                    0x0800060a   Section        0  _printf_truncate.o(.text)
    .text                                    0x0800062e   Section        0  _printf_str.o(.text)
    .text                                    0x08000680   Section        0  _printf_dec.o(.text)
    .text                                    0x080006f8   Section        0  _printf_charcount.o(.text)
    .text                                    0x08000720   Section        0  _printf_char_common.o(.text)
    _printf_input_char                       0x08000721   Thumb Code    10  _printf_char_common.o(.text)
    .text                                    0x08000750   Section        0  _sputc.o(.text)
    .text                                    0x0800075a   Section        0  _snputc.o(.text)
    .text                                    0x0800076c   Section        0  _printf_wctomb.o(.text)
    .text                                    0x08000828   Section        0  _printf_longlong_dec.o(.text)
    .text                                    0x080008a4   Section        0  _printf_oct_int_ll.o(.text)
    _printf_longlong_oct_internal            0x080008a5   Thumb Code     0  _printf_oct_int_ll.o(.text)
    .text                                    0x08000914   Section        0  _printf_hex_int_ll_ptr.o(.text)
    _printf_hex_common                       0x08000915   Thumb Code     0  _printf_hex_int_ll_ptr.o(.text)
    .text                                    0x080009a8   Section        0  __printf_flags_ss_wp.o(.text)
    .text                                    0x08000b30   Section      100  rt_memcpy_w.o(.text)
    .text                                    0x08000b94   Section        8  libspace.o(.text)
    .text                                    0x08000b9c   Section        0  h1_extend.o(.text)
    .text                                    0x08000bd0   Section      138  lludiv10.o(.text)
    .text                                    0x08000c5a   Section        0  _printf_intcommon.o(.text)
    .text                                    0x08000d0c   Section        0  _printf_fp_dec.o(.text)
    _fp_digits                               0x08000d0f   Thumb Code   432  _printf_fp_dec.o(.text)
    .text                                    0x0800112c   Section        0  _printf_fp_hex.o(.text)
    .text                                    0x08001428   Section        0  _printf_char.o(.text)
    .text                                    0x08001454   Section        0  _printf_wchar.o(.text)
    .text                                    0x08001480   Section        0  _wcrtomb.o(.text)
    .text                                    0x080014c0   Section        0  defsig_rtmem_outer.o(.text)
    .text                                    0x080014ce   Section        2  use_no_semi.o(.text)
    .text                                    0x080014d0   Section       74  sys_stackheap_outer.o(.text)
    .text                                    0x080014d0   Section        0  indicate_semi.o(.text)
    .text                                    0x0800151c   Section       16  rt_ctype_table.o(.text)
    .text                                    0x0800152c   Section        8  rt_locale_intlibspace.o(.text)
    .text                                    0x08001534   Section        0  _printf_fp_infnan.o(.text)
    .text                                    0x080015b4   Section        0  bigflt0.o(.text)
    .text                                    0x08001698   Section        0  exit.o(.text)
    .text                                    0x080016aa   Section        0  defsig_exit.o(.text)
    .text                                    0x080016b4   Section        0  defsig_rtmem_inner.o(.text)
    .text                                    0x08001704   Section        0  sys_exit.o(.text)
    .text                                    0x08001710   Section        0  defsig_general.o(.text)
    .text                                    0x08001744   Section      128  strcmpv7m.o(.text)
    .text                                    0x080017c4   Section        0  sys_wrch.o(.text)
    CL$$btod_d2e                             0x080017d2   Section       62  btod.o(CL$$btod_d2e)
    CL$$btod_d2e_denorm_low                  0x08001810   Section       70  btod.o(CL$$btod_d2e_denorm_low)
    CL$$btod_d2e_norm_op1                    0x08001856   Section       96  btod.o(CL$$btod_d2e_norm_op1)
    CL$$btod_div_common                      0x080018b6   Section      824  btod.o(CL$$btod_div_common)
    CL$$btod_e2e                             0x08001bee   Section      220  btod.o(CL$$btod_e2e)
    CL$$btod_ediv                            0x08001cca   Section       42  btod.o(CL$$btod_ediv)
    CL$$btod_emul                            0x08001cf4   Section       42  btod.o(CL$$btod_emul)
    CL$$btod_mult_common                     0x08001d1e   Section      580  btod.o(CL$$btod_mult_common)
    i.BF_Printf                              0x08001f62   Section        0  uart.o(i.BF_Printf)
    i.Buffer_Operation                       0x08001fb8   Section        0  buffer.o(i.Buffer_Operation)
    i.BusFault_Handler                       0x080024e0   Section        0  stm32f4xx_it_1.o(i.BusFault_Handler)
    i.COM_Init                               0x080024e4   Section        0  uart.o(i.COM_Init)
    i.DI_Init                                0x08002538   Section        0  di.o(i.DI_Init)
    i.DI_Read                                0x0800256c   Section        0  di.o(i.DI_Read)
    i.DO_Init                                0x080025c8   Section        0  do.o(i.DO_Init)
    i.DO_Proc                                0x080025ec   Section        0  do.o(i.DO_Proc)
    i.DebugMon_Handler                       0x08002638   Section        0  stm32f4xx_it_1.o(i.DebugMon_Handler)
    i.Delay_Ms                               0x0800263a   Section        0  systick.o(i.Delay_Ms)
    i.Delay_Us                               0x08002654   Section        0  systick.o(i.Delay_Us)
    i.GET_PORT                               0x080026a0   Section        0  gpio.o(i.GET_PORT)
    i.HardFault_Handler                      0x080026bc   Section        0  stm32f4xx_it_1.o(i.HardFault_Handler)
    i.IO_Init                                0x080026c0   Section        0  gpio.o(i.IO_Init)
    i.IO_Read                                0x08002718   Section        0  gpio.o(i.IO_Read)
    i.IO_Write                               0x08002744   Section        0  gpio.o(i.IO_Write)
    i.MemManage_Handler                      0x08002770   Section        0  stm32f4xx_it_1.o(i.MemManage_Handler)
    i.NMI_Handler                            0x08002774   Section        0  stm32f4xx_it_1.o(i.NMI_Handler)
    i.NVIC_Init                              0x08002778   Section        0  misc.o(i.NVIC_Init)
    i.OLED_Clear                             0x080027f0   Section        0  oled_096.o(i.OLED_Clear)
    i.OLED_Init                              0x08002832   Section        0  oled_096.o(i.OLED_Init)
    i.OLED_Set_Pos                           0x0800290e   Section        0  oled_096.o(i.OLED_Set_Pos)
    i.OLED_ShowCHinese                       0x08002938   Section        0  oled_096.o(i.OLED_ShowCHinese)
    i.OLED_ShowChar                          0x080029a0   Section        0  oled_096.o(i.OLED_ShowChar)
    i.OLED_ShowString                        0x08002a44   Section        0  oled_096.o(i.OLED_ShowString)
    i.OLED_WR_Byte                           0x08002a7e   Section        0  oled_096.o(i.OLED_WR_Byte)
    i.PendSV_Handler                         0x08002aa2   Section        0  stm32f4xx_it_1.o(i.PendSV_Handler)
    i.RCC_APB2PeriphClockCmd                 0x08002aa4   Section        0  stm32f4xx_rcc.o(i.RCC_APB2PeriphClockCmd)
    i.RCC_GetClocksFreq                      0x08002ac4   Section        0  stm32f4xx_rcc.o(i.RCC_GetClocksFreq)
    i.RCC_IO_XXABLE                          0x08002bac   Section        0  gpio.o(i.RCC_IO_XXABLE)
    i.Rs_485                                 0x08002bd8   Section        0  uart.o(i.Rs_485)
    i.SVC_Handler                            0x08002bfc   Section        0  stm32f4xx_it_1.o(i.SVC_Handler)
    i.SetSysClock                            0x08002c00   Section        0  system_stm32f4xx_1.o(i.SetSysClock)
    SetSysClock                              0x08002c01   Thumb Code   220  system_stm32f4xx_1.o(i.SetSysClock)
    i.Soft_I2C_AddrCheck                     0x08002cec   Section        0  soft_i2c.o(i.Soft_I2C_AddrCheck)
    i.Soft_I2C_Config                        0x08002d24   Section        0  soft_i2c.o(i.Soft_I2C_Config)
    Soft_I2C_Config                          0x08002d25   Thumb Code    54  soft_i2c.o(i.Soft_I2C_Config)
    i.Soft_I2C_Init                          0x08002d5c   Section        0  soft_i2c.o(i.Soft_I2C_Init)
    i.Soft_I2C_ReceiveACK                    0x08002da0   Section        0  soft_i2c.o(i.Soft_I2C_ReceiveACK)
    i.Soft_I2C_SacnBus                       0x08002df0   Section        0  soft_i2c.o(i.Soft_I2C_SacnBus)
    i.Soft_I2C_SendByte                      0x08002e24   Section        0  soft_i2c.o(i.Soft_I2C_SendByte)
    i.Soft_I2C_Start                         0x08002e88   Section        0  soft_i2c.o(i.Soft_I2C_Start)
    i.Soft_I2C_Stop                          0x08002edc   Section        0  soft_i2c.o(i.Soft_I2C_Stop)
    i.Soft_I2C_WriteByteWithACK              0x08002f1c   Section        0  soft_i2c.o(i.Soft_I2C_WriteByteWithACK)
    i.SysTick_Handler                        0x08002fac   Section        0  stm32f4xx_it_1.o(i.SysTick_Handler)
    i.SystemInit                             0x08002fb0   Section        0  system_stm32f4xx_1.o(i.SystemInit)
    i.UART_Init                              0x08003018   Section        0  uart.o(i.UART_Init)
    UART_Init                                0x08003019   Thumb Code   368  uart.o(i.UART_Init)
    i.USART1_IRQHandler                      0x0800318c   Section        0  uart.o(i.USART1_IRQHandler)
    i.USART_ClearFlag                        0x08003196   Section        0  stm32f4xx_usart.o(i.USART_ClearFlag)
    i.USART_ClearITPendingBit                0x080031a8   Section        0  stm32f4xx_usart.o(i.USART_ClearITPendingBit)
    i.USART_Cmd                              0x080031c6   Section        0  stm32f4xx_usart.o(i.USART_Cmd)
    i.USART_GetITStatus                      0x080031de   Section        0  stm32f4xx_usart.o(i.USART_GetITStatus)
    i.USART_ITConfig                         0x08003232   Section        0  stm32f4xx_usart.o(i.USART_ITConfig)
    i.USART_Init                             0x0800327c   Section        0  stm32f4xx_usart.o(i.USART_Init)
    i.USART_ReceiveData                      0x08003350   Section        0  stm32f4xx_usart.o(i.USART_ReceiveData)
    i.Uart_Proc                              0x0800335c   Section        0  uart.o(i.Uart_Proc)
    i.Uart_SendData                          0x08003588   Section        0  uart.o(i.Uart_SendData)
    i.Uart_SendNextByte                      0x080035e4   Section        0  uart.o(i.Uart_SendNextByte)
    i.Uart_Sendch                            0x0800361c   Section        0  uart.o(i.Uart_Sendch)
    i.UsageFault_Handler                     0x08003664   Section        0  stm32f4xx_it_1.o(i.UsageFault_Handler)
    i.__ARM_fpclassify                       0x08003668   Section        0  fpclassify.o(i.__ARM_fpclassify)
    i.__set_PRIMASK                          0x08003698   Section        0  soft_i2c.o(i.__set_PRIMASK)
    __set_PRIMASK                            0x08003699   Thumb Code     6  soft_i2c.o(i.__set_PRIMASK)
    i._is_digit                              0x0800369e   Section        0  __printf_wp.o(i._is_digit)
    i.main                                   0x080036ac   Section        0  main.o(i.main)
    locale$$code                             0x08003724   Section       44  lc_numeric_c.o(locale$$code)
    locale$$code                             0x08003750   Section       44  lc_ctype_c.o(locale$$code)
    x$fpl$fpinit                             0x0800377c   Section       10  fpinit.o(x$fpl$fpinit)
    $v0                                      0x0800377c   Number         0  fpinit.o(x$fpl$fpinit)
    x$fpl$printf1                            0x08003786   Section        4  printf1.o(x$fpl$printf1)
    $v0                                      0x08003786   Number         0  printf1.o(x$fpl$printf1)
    x$fpl$printf2                            0x0800378a   Section        4  printf2.o(x$fpl$printf2)
    $v0                                      0x0800378a   Number         0  printf2.o(x$fpl$printf2)
    .constdata                               0x0800378e   Section       10  uart.o(.constdata)
    x$fpl$usenofp                            0x0800378e   Section        0  usenofp.o(x$fpl$usenofp)
    __func__                                 0x0800378e   Data          10  uart.o(.constdata)
    .constdata                               0x08003798   Section     2072  oled_096.o(.constdata)
    .constdata                               0x08003fb0   Section        8  _printf_wctomb.o(.constdata)
    initial_mbstate                          0x08003fb0   Data           8  _printf_wctomb.o(.constdata)
    .constdata                               0x08003fb8   Section       40  _printf_hex_int_ll_ptr.o(.constdata)
    uc_hextab                                0x08003fb8   Data          20  _printf_hex_int_ll_ptr.o(.constdata)
    lc_hextab                                0x08003fcc   Data          20  _printf_hex_int_ll_ptr.o(.constdata)
    .constdata                               0x08003fe0   Section       17  __printf_flags_ss_wp.o(.constdata)
    maptable                                 0x08003fe0   Data          17  __printf_flags_ss_wp.o(.constdata)
    .constdata                               0x08003ff1   Section       38  _printf_fp_hex.o(.constdata)
    lc_hextab                                0x08003ff1   Data          19  _printf_fp_hex.o(.constdata)
    uc_hextab                                0x08004004   Data          19  _printf_fp_hex.o(.constdata)
    .constdata                               0x08004018   Section      148  bigflt0.o(.constdata)
    tenpwrs_x                                0x08004018   Data          60  bigflt0.o(.constdata)
    tenpwrs_i                                0x08004054   Data          64  bigflt0.o(.constdata)
    locale$$data                             0x080040cc   Section       28  lc_numeric_c.o(locale$$data)
    __lcnum_c_name                           0x080040d0   Data           2  lc_numeric_c.o(locale$$data)
    __lcnum_c_start                          0x080040d8   Data           0  lc_numeric_c.o(locale$$data)
    __lcnum_c_point                          0x080040e4   Data           0  lc_numeric_c.o(locale$$data)
    __lcnum_c_thousands                      0x080040e6   Data           0  lc_numeric_c.o(locale$$data)
    __lcnum_c_grouping                       0x080040e7   Data           0  lc_numeric_c.o(locale$$data)
    locale$$data                             0x080040e8   Section      272  lc_ctype_c.o(locale$$data)
    __lcnum_c_end                            0x080040e8   Data           0  lc_numeric_c.o(locale$$data)
    __lcctype_c_name                         0x080040ec   Data           2  lc_ctype_c.o(locale$$data)
    __lcctype_c_start                        0x080040f4   Data           0  lc_ctype_c.o(locale$$data)
    __lcctype_c_end                          0x080041f8   Data           0  lc_ctype_c.o(locale$$data)
    .data                                    0x20000000   Section       20  system_stm32f4xx_1.o(.data)
    .data                                    0x20000014   Section       16  stm32f4xx_rcc.o(.data)
    APBAHBPrescTable                         0x20000014   Data          16  stm32f4xx_rcc.o(.data)
    .data                                    0x20000024   Section       12  soft_i2c.o(.data)
    Config                                   0x20000024   Data          12  soft_i2c.o(.data)
    .data                                    0x20000030   Section       52  uart.o(.data)
    Config                                   0x20000030   Data          52  uart.o(.data)
    .data                                    0x20000064   Section        8  di.o(.data)
    .data                                    0x2000006c   Section        4  do.o(.data)
    .data                                    0x20000070   Section      384  oled_096.o(.data)
    .bss                                     0x200001f0   Section     1024  uart.o(.bss)
    .bss                                     0x200005f0   Section       96  libspace.o(.bss)
    HEAP                                     0x20000650   Section      512  startup_stm32f40_41xxx.o(HEAP)
    Heap_Mem                                 0x20000650   Data         512  startup_stm32f40_41xxx.o(HEAP)
    STACK                                    0x20000850   Section     1024  startup_stm32f40_41xxx.o(STACK)
    Stack_Mem                                0x20000850   Data        1024  startup_stm32f40_41xxx.o(STACK)
    __initial_sp                             0x20000c50   Data           0  startup_stm32f40_41xxx.o(STACK)

    Global Symbols

    Symbol Name                              Value     Ov Type        Size  Object(Section)

    BuildAttributes$$THM_ISAv4$E$P$D$K$B$S$7EM$VFPi3$EXTD16$VFPS$VFMA$PE$A:L22UL41UL21$X:L11$S22US41US21$IEEE1$IW$USESV6$~STKCKD$USESV7$~SHL$OTIME$ROPI$IEEEJ$EBA8$UX$STANDARDLIB$REQ8$PRES8$EABIv2 0x00000000   Number         0  anon$$obj.o ABSOLUTE
    __ARM_use_no_argv                        0x00000000   Number         0  main.o ABSOLUTE
    _printf_flags                            0x00000000   Number         0  printf_stubs.o ABSOLUTE
    _printf_return_value                     0x00000000   Number         0  printf_stubs.o ABSOLUTE
    _printf_sizespec                         0x00000000   Number         0  printf_stubs.o ABSOLUTE
    _printf_widthprec                        0x00000000   Number         0  printf_stubs.o ABSOLUTE
    __ARM_exceptions_init                     - Undefined Weak Reference
    __alloca_initialize                       - Undefined Weak Reference
    __arm_fini_                               - Undefined Weak Reference
    __arm_preinit_                            - Undefined Weak Reference
    __cpp_initialize__aeabi_                  - Undefined Weak Reference
    __cxa_finalize                            - Undefined Weak Reference
    __sigvec_lookup                           - Undefined Weak Reference
    __user_heap_extent                        - Undefined Weak Reference
    _atexit_init                              - Undefined Weak Reference
    _call_atexit_fns                          - Undefined Weak Reference
    _clock_init                               - Undefined Weak Reference
    _fp_trap_init                             - Undefined Weak Reference
    _fp_trap_shutdown                         - Undefined Weak Reference
    _get_lc_collate                           - Undefined Weak Reference
    _get_lc_monetary                          - Undefined Weak Reference
    _get_lc_time                              - Undefined Weak Reference
    _getenv_init                              - Undefined Weak Reference
    _handle_redirection                       - Undefined Weak Reference
    _initio                                   - Undefined Weak Reference
    _mutex_acquire                            - Undefined Weak Reference
    _mutex_free                               - Undefined Weak Reference
    _mutex_release                            - Undefined Weak Reference
    _printf_mbtowc                            - Undefined Weak Reference
    _printf_wc                                - Undefined Weak Reference
    _rand_init                                - Undefined Weak Reference
    _signal_finish                            - Undefined Weak Reference
    _signal_init                              - Undefined Weak Reference
    _terminateio                              - Undefined Weak Reference
    __Vectors_Size                           0x00000188   Number         0  startup_stm32f40_41xxx.o ABSOLUTE
    __Vectors                                0x08000000   Data           4  startup_stm32f40_41xxx.o(RESET)
    __Vectors_End                            0x08000188   Data           0  startup_stm32f40_41xxx.o(RESET)
    __main                                   0x08000189   Thumb Code     8  __main.o(!!!main)
    __scatterload                            0x08000191   Thumb Code     0  __scatter.o(!!!scatter)
    __scatterload_rt2                        0x08000191   Thumb Code    44  __scatter.o(!!!scatter)
    __scatterload_rt2_thumb_only             0x08000191   Thumb Code     0  __scatter.o(!!!scatter)
    __scatterload_null                       0x0800019f   Thumb Code     0  __scatter.o(!!!scatter)
    __decompress                             0x080001c5   Thumb Code    90  __dczerorl2.o(!!dczerorl2)
    __decompress1                            0x080001c5   Thumb Code     0  __dczerorl2.o(!!dczerorl2)
    __scatterload_zeroinit                   0x08000221   Thumb Code    28  __scatter_zi.o(!!handler_zi)
    _printf_n                                0x0800023d   Thumb Code     0  _printf_n.o(.ARM.Collect$$_printf_percent$$00000001)
    _printf_percent                          0x0800023d   Thumb Code     0  _printf_percent.o(.ARM.Collect$$_printf_percent$$00000000)
    _printf_p                                0x08000243   Thumb Code     0  _printf_p.o(.ARM.Collect$$_printf_percent$$00000002)
    _printf_f                                0x08000249   Thumb Code     0  _printf_f.o(.ARM.Collect$$_printf_percent$$00000003)
    _printf_e                                0x0800024f   Thumb Code     0  _printf_e.o(.ARM.Collect$$_printf_percent$$00000004)
    _printf_g                                0x08000255   Thumb Code     0  _printf_g.o(.ARM.Collect$$_printf_percent$$00000005)
    _printf_a                                0x0800025b   Thumb Code     0  _printf_a.o(.ARM.Collect$$_printf_percent$$00000006)
    _printf_ll                               0x08000261   Thumb Code     0  _printf_ll.o(.ARM.Collect$$_printf_percent$$00000007)
    _printf_i                                0x0800026b   Thumb Code     0  _printf_i.o(.ARM.Collect$$_printf_percent$$00000008)
    _printf_d                                0x08000271   Thumb Code     0  _printf_d.o(.ARM.Collect$$_printf_percent$$00000009)
    _printf_u                                0x08000277   Thumb Code     0  _printf_u.o(.ARM.Collect$$_printf_percent$$0000000A)
    _printf_o                                0x0800027d   Thumb Code     0  _printf_o.o(.ARM.Collect$$_printf_percent$$0000000B)
    _printf_x                                0x08000283   Thumb Code     0  _printf_x.o(.ARM.Collect$$_printf_percent$$0000000C)
    _printf_lli                              0x08000289   Thumb Code     0  _printf_lli.o(.ARM.Collect$$_printf_percent$$0000000D)
    _printf_lld                              0x0800028f   Thumb Code     0  _printf_lld.o(.ARM.Collect$$_printf_percent$$0000000E)
    _printf_llu                              0x08000295   Thumb Code     0  _printf_llu.o(.ARM.Collect$$_printf_percent$$0000000F)
    _printf_llo                              0x0800029b   Thumb Code     0  _printf_llo.o(.ARM.Collect$$_printf_percent$$00000010)
    _printf_llx                              0x080002a1   Thumb Code     0  _printf_llx.o(.ARM.Collect$$_printf_percent$$00000011)
    _printf_l                                0x080002a7   Thumb Code     0  _printf_l.o(.ARM.Collect$$_printf_percent$$00000012)
    _printf_c                                0x080002b1   Thumb Code     0  _printf_c.o(.ARM.Collect$$_printf_percent$$00000013)
    _printf_s                                0x080002b7   Thumb Code     0  _printf_s.o(.ARM.Collect$$_printf_percent$$00000014)
    _printf_lc                               0x080002bd   Thumb Code     0  _printf_lc.o(.ARM.Collect$$_printf_percent$$00000015)
    _printf_ls                               0x080002c3   Thumb Code     0  _printf_ls.o(.ARM.Collect$$_printf_percent$$00000016)
    _printf_percent_end                      0x080002c9   Thumb Code     0  _printf_percent_end.o(.ARM.Collect$$_printf_percent$$00000017)
    __rt_lib_init                            0x080002cd   Thumb Code     0  libinit.o(.ARM.Collect$$libinit$$00000000)
    __rt_lib_init_fp_1                       0x080002cf   Thumb Code     0  libinit2.o(.ARM.Collect$$libinit$$00000001)
    __rt_lib_init_heap_2                     0x080002d3   Thumb Code     0  libinit2.o(.ARM.Collect$$libinit$$00000005)
    __rt_lib_init_preinit_1                  0x080002d3   Thumb Code     0  libinit2.o(.ARM.Collect$$libinit$$00000004)
    __rt_lib_init_heap_1                     0x080002db   Thumb Code     0  libinit2.o(.ARM.Collect$$libinit$$0000000A)
    __rt_lib_init_lc_common                  0x080002db   Thumb Code     0  libinit2.o(.ARM.Collect$$libinit$$0000000F)
    __rt_lib_init_rand_1                     0x080002db   Thumb Code     0  libinit2.o(.ARM.Collect$$libinit$$0000000E)
    __rt_lib_init_user_alloc_1               0x080002db   Thumb Code     0  libinit2.o(.ARM.Collect$$libinit$$0000000C)
    __rt_lib_init_lc_collate_1               0x080002e1   Thumb Code     0  libinit2.o(.ARM.Collect$$libinit$$00000011)
    __rt_lib_init_lc_ctype_2                 0x080002e1   Thumb Code     0  libinit2.o(.ARM.Collect$$libinit$$00000012)
    __rt_lib_init_lc_ctype_1                 0x080002ed   Thumb Code     0  libinit2.o(.ARM.Collect$$libinit$$00000013)
    __rt_lib_init_lc_monetary_1              0x080002ed   Thumb Code     0  libinit2.o(.ARM.Collect$$libinit$$00000015)
    __rt_lib_init_lc_numeric_2               0x080002ed   Thumb Code     0  libinit2.o(.ARM.Collect$$libinit$$00000016)
    __rt_lib_init_alloca_1                   0x080002f7   Thumb Code     0  libinit2.o(.ARM.Collect$$libinit$$0000002E)
    __rt_lib_init_argv_1                     0x080002f7   Thumb Code     0  libinit2.o(.ARM.Collect$$libinit$$0000002C)
    __rt_lib_init_atexit_1                   0x080002f7   Thumb Code     0  libinit2.o(.ARM.Collect$$libinit$$0000001B)
    __rt_lib_init_clock_1                    0x080002f7   Thumb Code     0  libinit2.o(.ARM.Collect$$libinit$$00000021)
    __rt_lib_init_cpp_1                      0x080002f7   Thumb Code     0  libinit2.o(.ARM.Collect$$libinit$$00000032)
    __rt_lib_init_exceptions_1               0x080002f7   Thumb Code     0  libinit2.o(.ARM.Collect$$libinit$$00000030)
    __rt_lib_init_fp_trap_1                  0x080002f7   Thumb Code     0  libinit2.o(.ARM.Collect$$libinit$$0000001F)
    __rt_lib_init_getenv_1                   0x080002f7   Thumb Code     0  libinit2.o(.ARM.Collect$$libinit$$00000023)
    __rt_lib_init_lc_numeric_1               0x080002f7   Thumb Code     0  libinit2.o(.ARM.Collect$$libinit$$00000017)
    __rt_lib_init_lc_time_1                  0x080002f7   Thumb Code     0  libinit2.o(.ARM.Collect$$libinit$$00000019)
    __rt_lib_init_return                     0x080002f7   Thumb Code     0  libinit2.o(.ARM.Collect$$libinit$$00000033)
    __rt_lib_init_signal_1                   0x080002f7   Thumb Code     0  libinit2.o(.ARM.Collect$$libinit$$0000001D)
    __rt_lib_init_stdio_1                    0x080002f7   Thumb Code     0  libinit2.o(.ARM.Collect$$libinit$$00000025)
    __rt_lib_shutdown                        0x080002f9   Thumb Code     0  libshutdown.o(.ARM.Collect$$libshutdown$$00000000)
    __rt_lib_shutdown_cpp_1                  0x080002fb   Thumb Code     0  libshutdown2.o(.ARM.Collect$$libshutdown$$00000004)
    __rt_lib_shutdown_fini_1                 0x080002fb   Thumb Code     0  libshutdown2.o(.ARM.Collect$$libshutdown$$00000002)
    __rt_lib_shutdown_fp_trap_1              0x080002fb   Thumb Code     0  libshutdown2.o(.ARM.Collect$$libshutdown$$00000009)
    __rt_lib_shutdown_heap_1                 0x080002fb   Thumb Code     0  libshutdown2.o(.ARM.Collect$$libshutdown$$00000011)
    __rt_lib_shutdown_return                 0x080002fb   Thumb Code     0  libshutdown2.o(.ARM.Collect$$libshutdown$$00000012)
    __rt_lib_shutdown_signal_1               0x080002fb   Thumb Code     0  libshutdown2.o(.ARM.Collect$$libshutdown$$0000000C)
    __rt_lib_shutdown_stdio_1                0x080002fb   Thumb Code     0  libshutdown2.o(.ARM.Collect$$libshutdown$$00000006)
    __rt_lib_shutdown_user_alloc_1           0x080002fb   Thumb Code     0  libshutdown2.o(.ARM.Collect$$libshutdown$$0000000E)
    __rt_entry                               0x080002fd   Thumb Code     0  __rtentry.o(.ARM.Collect$$rtentry$$00000000)
    __rt_entry_presh_1                       0x080002fd   Thumb Code     0  __rtentry2.o(.ARM.Collect$$rtentry$$00000002)
    __rt_entry_sh                            0x080002fd   Thumb Code     0  __rtentry4.o(.ARM.Collect$$rtentry$$00000004)
    __rt_entry_li                            0x08000303   Thumb Code     0  __rtentry2.o(.ARM.Collect$$rtentry$$0000000A)
    __rt_entry_postsh_1                      0x08000303   Thumb Code     0  __rtentry2.o(.ARM.Collect$$rtentry$$00000009)
    __rt_entry_main                          0x08000307   Thumb Code     0  __rtentry2.o(.ARM.Collect$$rtentry$$0000000D)
    __rt_entry_postli_1                      0x08000307   Thumb Code     0  __rtentry2.o(.ARM.Collect$$rtentry$$0000000C)
    __rt_exit                                0x0800030f   Thumb Code     0  rtexit.o(.ARM.Collect$$rtexit$$00000000)
    __rt_exit_ls                             0x08000311   Thumb Code     0  rtexit2.o(.ARM.Collect$$rtexit$$00000003)
    __rt_exit_prels_1                        0x08000311   Thumb Code     0  rtexit2.o(.ARM.Collect$$rtexit$$00000002)
    __rt_exit_exit                           0x08000315   Thumb Code     0  rtexit2.o(.ARM.Collect$$rtexit$$00000004)
    Reset_Handler                            0x0800031d   Thumb Code     8  startup_stm32f40_41xxx.o(.text)
    _maybe_terminate_alloc                   0x0800031d   Thumb Code     0  maybetermalloc1.o(.emb_text)
    ADC_IRQHandler                           0x08000337   Thumb Code     0  startup_stm32f40_41xxx.o(.text)
    CAN1_RX0_IRQHandler                      0x08000337   Thumb Code     0  startup_stm32f40_41xxx.o(.text)
    CAN1_RX1_IRQHandler                      0x08000337   Thumb Code     0  startup_stm32f40_41xxx.o(.text)
    CAN1_SCE_IRQHandler                      0x08000337   Thumb Code     0  startup_stm32f40_41xxx.o(.text)
    CAN1_TX_IRQHandler                       0x08000337   Thumb Code     0  startup_stm32f40_41xxx.o(.text)
    CAN2_RX0_IRQHandler                      0x08000337   Thumb Code     0  startup_stm32f40_41xxx.o(.text)
    CAN2_RX1_IRQHandler                      0x08000337   Thumb Code     0  startup_stm32f40_41xxx.o(.text)
    CAN2_SCE_IRQHandler                      0x08000337   Thumb Code     0  startup_stm32f40_41xxx.o(.text)
    CAN2_TX_IRQHandler                       0x08000337   Thumb Code     0  startup_stm32f40_41xxx.o(.text)
    CRYP_IRQHandler                          0x08000337   Thumb Code     0  startup_stm32f40_41xxx.o(.text)
    DCMI_IRQHandler                          0x08000337   Thumb Code     0  startup_stm32f40_41xxx.o(.text)
    DMA1_Stream0_IRQHandler                  0x08000337   Thumb Code     0  startup_stm32f40_41xxx.o(.text)
    DMA1_Stream1_IRQHandler                  0x08000337   Thumb Code     0  startup_stm32f40_41xxx.o(.text)
    DMA1_Stream2_IRQHandler                  0x08000337   Thumb Code     0  startup_stm32f40_41xxx.o(.text)
    DMA1_Stream3_IRQHandler                  0x08000337   Thumb Code     0  startup_stm32f40_41xxx.o(.text)
    DMA1_Stream4_IRQHandler                  0x08000337   Thumb Code     0  startup_stm32f40_41xxx.o(.text)
    DMA1_Stream5_IRQHandler                  0x08000337   Thumb Code     0  startup_stm32f40_41xxx.o(.text)
    DMA1_Stream6_IRQHandler                  0x08000337   Thumb Code     0  startup_stm32f40_41xxx.o(.text)
    DMA1_Stream7_IRQHandler                  0x08000337   Thumb Code     0  startup_stm32f40_41xxx.o(.text)
    DMA2_Stream0_IRQHandler                  0x08000337   Thumb Code     0  startup_stm32f40_41xxx.o(.text)
    DMA2_Stream1_IRQHandler                  0x08000337   Thumb Code     0  startup_stm32f40_41xxx.o(.text)
    DMA2_Stream2_IRQHandler                  0x08000337   Thumb Code     0  startup_stm32f40_41xxx.o(.text)
    DMA2_Stream3_IRQHandler                  0x08000337   Thumb Code     0  startup_stm32f40_41xxx.o(.text)
    DMA2_Stream4_IRQHandler                  0x08000337   Thumb Code     0  startup_stm32f40_41xxx.o(.text)
    DMA2_Stream5_IRQHandler                  0x08000337   Thumb Code     0  startup_stm32f40_41xxx.o(.text)
    DMA2_Stream6_IRQHandler                  0x08000337   Thumb Code     0  startup_stm32f40_41xxx.o(.text)
    DMA2_Stream7_IRQHandler                  0x08000337   Thumb Code     0  startup_stm32f40_41xxx.o(.text)
    ETH_IRQHandler                           0x08000337   Thumb Code     0  startup_stm32f40_41xxx.o(.text)
    ETH_WKUP_IRQHandler                      0x08000337   Thumb Code     0  startup_stm32f40_41xxx.o(.text)
    EXTI0_IRQHandler                         0x08000337   Thumb Code     0  startup_stm32f40_41xxx.o(.text)
    EXTI15_10_IRQHandler                     0x08000337   Thumb Code     0  startup_stm32f40_41xxx.o(.text)
    EXTI1_IRQHandler                         0x08000337   Thumb Code     0  startup_stm32f40_41xxx.o(.text)
    EXTI2_IRQHandler                         0x08000337   Thumb Code     0  startup_stm32f40_41xxx.o(.text)
    EXTI3_IRQHandler                         0x08000337   Thumb Code     0  startup_stm32f40_41xxx.o(.text)
    EXTI4_IRQHandler                         0x08000337   Thumb Code     0  startup_stm32f40_41xxx.o(.text)
    EXTI9_5_IRQHandler                       0x08000337   Thumb Code     0  startup_stm32f40_41xxx.o(.text)
    FLASH_IRQHandler                         0x08000337   Thumb Code     0  startup_stm32f40_41xxx.o(.text)
    FPU_IRQHandler                           0x08000337   Thumb Code     0  startup_stm32f40_41xxx.o(.text)
    FSMC_IRQHandler                          0x08000337   Thumb Code     0  startup_stm32f40_41xxx.o(.text)
    HASH_RNG_IRQHandler                      0x08000337   Thumb Code     0  startup_stm32f40_41xxx.o(.text)
    I2C1_ER_IRQHandler                       0x08000337   Thumb Code     0  startup_stm32f40_41xxx.o(.text)
    I2C1_EV_IRQHandler                       0x08000337   Thumb Code     0  startup_stm32f40_41xxx.o(.text)
    I2C2_ER_IRQHandler                       0x08000337   Thumb Code     0  startup_stm32f40_41xxx.o(.text)
    I2C2_EV_IRQHandler                       0x08000337   Thumb Code     0  startup_stm32f40_41xxx.o(.text)
    I2C3_ER_IRQHandler                       0x08000337   Thumb Code     0  startup_stm32f40_41xxx.o(.text)
    I2C3_EV_IRQHandler                       0x08000337   Thumb Code     0  startup_stm32f40_41xxx.o(.text)
    OTG_FS_IRQHandler                        0x08000337   Thumb Code     0  startup_stm32f40_41xxx.o(.text)
    OTG_FS_WKUP_IRQHandler                   0x08000337   Thumb Code     0  startup_stm32f40_41xxx.o(.text)
    OTG_HS_EP1_IN_IRQHandler                 0x08000337   Thumb Code     0  startup_stm32f40_41xxx.o(.text)
    OTG_HS_EP1_OUT_IRQHandler                0x08000337   Thumb Code     0  startup_stm32f40_41xxx.o(.text)
    OTG_HS_IRQHandler                        0x08000337   Thumb Code     0  startup_stm32f40_41xxx.o(.text)
    OTG_HS_WKUP_IRQHandler                   0x08000337   Thumb Code     0  startup_stm32f40_41xxx.o(.text)
    PVD_IRQHandler                           0x08000337   Thumb Code     0  startup_stm32f40_41xxx.o(.text)
    RCC_IRQHandler                           0x08000337   Thumb Code     0  startup_stm32f40_41xxx.o(.text)
    RTC_Alarm_IRQHandler                     0x08000337   Thumb Code     0  startup_stm32f40_41xxx.o(.text)
    RTC_WKUP_IRQHandler                      0x08000337   Thumb Code     0  startup_stm32f40_41xxx.o(.text)
    SDIO_IRQHandler                          0x08000337   Thumb Code     0  startup_stm32f40_41xxx.o(.text)
    SPI1_IRQHandler                          0x08000337   Thumb Code     0  startup_stm32f40_41xxx.o(.text)
    SPI2_IRQHandler                          0x08000337   Thumb Code     0  startup_stm32f40_41xxx.o(.text)
    SPI3_IRQHandler                          0x08000337   Thumb Code     0  startup_stm32f40_41xxx.o(.text)
    TAMP_STAMP_IRQHandler                    0x08000337   Thumb Code     0  startup_stm32f40_41xxx.o(.text)
    TIM1_BRK_TIM9_IRQHandler                 0x08000337   Thumb Code     0  startup_stm32f40_41xxx.o(.text)
    TIM1_CC_IRQHandler                       0x08000337   Thumb Code     0  startup_stm32f40_41xxx.o(.text)
    TIM1_TRG_COM_TIM11_IRQHandler            0x08000337   Thumb Code     0  startup_stm32f40_41xxx.o(.text)
    TIM1_UP_TIM10_IRQHandler                 0x08000337   Thumb Code     0  startup_stm32f40_41xxx.o(.text)
    TIM2_IRQHandler                          0x08000337   Thumb Code     0  startup_stm32f40_41xxx.o(.text)
    TIM3_IRQHandler                          0x08000337   Thumb Code     0  startup_stm32f40_41xxx.o(.text)
    TIM4_IRQHandler                          0x08000337   Thumb Code     0  startup_stm32f40_41xxx.o(.text)
    TIM5_IRQHandler                          0x08000337   Thumb Code     0  startup_stm32f40_41xxx.o(.text)
    TIM6_DAC_IRQHandler                      0x08000337   Thumb Code     0  startup_stm32f40_41xxx.o(.text)
    TIM7_IRQHandler                          0x08000337   Thumb Code     0  startup_stm32f40_41xxx.o(.text)
    TIM8_BRK_TIM12_IRQHandler                0x08000337   Thumb Code     0  startup_stm32f40_41xxx.o(.text)
    TIM8_CC_IRQHandler                       0x08000337   Thumb Code     0  startup_stm32f40_41xxx.o(.text)
    TIM8_TRG_COM_TIM14_IRQHandler            0x08000337   Thumb Code     0  startup_stm32f40_41xxx.o(.text)
    TIM8_UP_TIM13_IRQHandler                 0x08000337   Thumb Code     0  startup_stm32f40_41xxx.o(.text)
    UART4_IRQHandler                         0x08000337   Thumb Code     0  startup_stm32f40_41xxx.o(.text)
    UART5_IRQHandler                         0x08000337   Thumb Code     0  startup_stm32f40_41xxx.o(.text)
    USART2_IRQHandler                        0x08000337   Thumb Code     0  startup_stm32f40_41xxx.o(.text)
    USART3_IRQHandler                        0x08000337   Thumb Code     0  startup_stm32f40_41xxx.o(.text)
    USART6_IRQHandler                        0x08000337   Thumb Code     0  startup_stm32f40_41xxx.o(.text)
    WWDG_IRQHandler                          0x08000337   Thumb Code     0  startup_stm32f40_41xxx.o(.text)
    __user_initial_stackheap                 0x08000339   Thumb Code     0  startup_stm32f40_41xxx.o(.text)
    malloc                                   0x0800035d   Thumb Code    94  h1_alloc.o(.text)
    free                                     0x080003bb   Thumb Code    78  h1_free.o(.text)
    __aeabi_llsl                             0x08000409   Thumb Code     0  llshl.o(.text)
    _ll_shift_l                              0x08000409   Thumb Code    38  llshl.o(.text)
    __aeabi_llsr                             0x0800042f   Thumb Code     0  llushr.o(.text)
    _ll_ushift_r                             0x0800042f   Thumb Code    38  llushr.o(.text)
    vsnprintf                                0x08000455   Thumb Code    48  vsnprintf.o(.text)
    __aeabi_memcpy                           0x08000489   Thumb Code     0  rt_memcpy_v6.o(.text)
    __rt_memcpy                              0x08000489   Thumb Code   138  rt_memcpy_v6.o(.text)
    _memcpy_lastbytes                        0x080004ef   Thumb Code     0  rt_memcpy_v6.o(.text)
    __use_two_region_memory                  0x08000513   Thumb Code     2  heapauxi.o(.text)
    __rt_heap_escrow                         0x08000515   Thumb Code     2  heapauxi.o(.text)
    __rt_heap_expand                         0x08000517   Thumb Code     2  heapauxi.o(.text)
    __rt_heap_descriptor                     0x08000519   Thumb Code     8  rt_heap_descriptor_intlibspace.o(.text)
    __use_no_heap                            0x08000521   Thumb Code     2  hguard.o(.text)
    __heap$guard                             0x08000523   Thumb Code     2  hguard.o(.text)
    _terminate_user_alloc                    0x08000525   Thumb Code     2  init_alloc.o(.text)
    _init_user_alloc                         0x08000527   Thumb Code     2  init_alloc.o(.text)
    __Heap_Full                              0x08000529   Thumb Code    34  init_alloc.o(.text)
    __Heap_Broken                            0x0800054b   Thumb Code     6  init_alloc.o(.text)
    _init_alloc                              0x08000551   Thumb Code    94  init_alloc.o(.text)
    __Heap_Initialize                        0x080005af   Thumb Code    10  h1_init.o(.text)
    __Heap_DescSize                          0x080005b9   Thumb Code     4  h1_init.o(.text)
    _printf_pre_padding                      0x080005bd   Thumb Code    44  _printf_pad.o(.text)
    _printf_post_padding                     0x080005e9   Thumb Code    34  _printf_pad.o(.text)
    _printf_truncate_signed                  0x0800060b   Thumb Code    18  _printf_truncate.o(.text)
    _printf_truncate_unsigned                0x0800061d   Thumb Code    18  _printf_truncate.o(.text)
    _printf_str                              0x0800062f   Thumb Code    82  _printf_str.o(.text)
    _printf_int_dec                          0x08000681   Thumb Code   104  _printf_dec.o(.text)
    _printf_charcount                        0x080006f9   Thumb Code    40  _printf_charcount.o(.text)
    _printf_char_common                      0x0800072b   Thumb Code    32  _printf_char_common.o(.text)
    _sputc                                   0x08000751   Thumb Code    10  _sputc.o(.text)
    _snputc                                  0x0800075b   Thumb Code    16  _snputc.o(.text)
    _printf_wctomb                           0x0800076d   Thumb Code   182  _printf_wctomb.o(.text)
    _printf_longlong_dec                     0x08000829   Thumb Code   108  _printf_longlong_dec.o(.text)
    _printf_longlong_oct                     0x080008a5   Thumb Code    66  _printf_oct_int_ll.o(.text)
    _printf_int_oct                          0x080008e7   Thumb Code    24  _printf_oct_int_ll.o(.text)
    _printf_ll_oct                           0x080008ff   Thumb Code    12  _printf_oct_int_ll.o(.text)
    _printf_longlong_hex                     0x08000915   Thumb Code    86  _printf_hex_int_ll_ptr.o(.text)
    _printf_int_hex                          0x0800096b   Thumb Code    28  _printf_hex_int_ll_ptr.o(.text)
    _printf_ll_hex                           0x08000987   Thumb Code    12  _printf_hex_int_ll_ptr.o(.text)
    _printf_hex_ptr                          0x08000993   Thumb Code    18  _printf_hex_int_ll_ptr.o(.text)
    __printf                                 0x080009a9   Thumb Code   388  __printf_flags_ss_wp.o(.text)
    __aeabi_memcpy4                          0x08000b31   Thumb Code     0  rt_memcpy_w.o(.text)
    __aeabi_memcpy8                          0x08000b31   Thumb Code     0  rt_memcpy_w.o(.text)
    __rt_memcpy_w                            0x08000b31   Thumb Code   100  rt_memcpy_w.o(.text)
    _memcpy_lastbytes_aligned                0x08000b79   Thumb Code     0  rt_memcpy_w.o(.text)
    __user_libspace                          0x08000b95   Thumb Code     8  libspace.o(.text)
    __user_perproc_libspace                  0x08000b95   Thumb Code     0  libspace.o(.text)
    __user_perthread_libspace                0x08000b95   Thumb Code     0  libspace.o(.text)
    __Heap_ProvideMemory                     0x08000b9d   Thumb Code    52  h1_extend.o(.text)
    _ll_udiv10                               0x08000bd1   Thumb Code   138  lludiv10.o(.text)
    _printf_int_common                       0x08000c5b   Thumb Code   178  _printf_intcommon.o(.text)
    __lib_sel_fp_printf                      0x08000d0d   Thumb Code     2  _printf_fp_dec.o(.text)
    _printf_fp_dec_real                      0x08000ebf   Thumb Code   620  _printf_fp_dec.o(.text)
    _printf_fp_hex_real                      0x0800112d   Thumb Code   756  _printf_fp_hex.o(.text)
    _printf_cs_common                        0x08001429   Thumb Code    20  _printf_char.o(.text)
    _printf_char                             0x0800143d   Thumb Code    16  _printf_char.o(.text)
    _printf_string                           0x0800144d   Thumb Code     8  _printf_char.o(.text)
    _printf_lcs_common                       0x08001455   Thumb Code    20  _printf_wchar.o(.text)
    _printf_wchar                            0x08001469   Thumb Code    16  _printf_wchar.o(.text)
    _printf_wstring                          0x08001479   Thumb Code     8  _printf_wchar.o(.text)
    _wcrtomb                                 0x08001481   Thumb Code    64  _wcrtomb.o(.text)
    __rt_SIGRTMEM                            0x080014c1   Thumb Code    14  defsig_rtmem_outer.o(.text)
    __I$use$semihosting                      0x080014cf   Thumb Code     0  use_no_semi.o(.text)
    __use_no_semihosting_swi                 0x080014cf   Thumb Code     2  use_no_semi.o(.text)
    __semihosting_library_function           0x080014d1   Thumb Code     0  indicate_semi.o(.text)
    __user_setup_stackheap                   0x080014d1   Thumb Code    74  sys_stackheap_outer.o(.text)
    __rt_ctype_table                         0x0800151d   Thumb Code    16  rt_ctype_table.o(.text)
    __rt_locale                              0x0800152d   Thumb Code     8  rt_locale_intlibspace.o(.text)
    _printf_fp_infnan                        0x08001535   Thumb Code   112  _printf_fp_infnan.o(.text)
    _btod_etento                             0x080015b5   Thumb Code   224  bigflt0.o(.text)
    exit                                     0x08001699   Thumb Code    18  exit.o(.text)
    __sig_exit                               0x080016ab   Thumb Code    10  defsig_exit.o(.text)
    __rt_SIGRTMEM_inner                      0x080016b5   Thumb Code    22  defsig_rtmem_inner.o(.text)
    _sys_exit                                0x08001705   Thumb Code     8  sys_exit.o(.text)
    __default_signal_display                 0x08001711   Thumb Code    50  defsig_general.o(.text)
    strcmp                                   0x08001745   Thumb Code   128  strcmpv7m.o(.text)
    _ttywrch                                 0x080017c5   Thumb Code    14  sys_wrch.o(.text)
    _btod_d2e                                0x080017d3   Thumb Code    62  btod.o(CL$$btod_d2e)
    _d2e_denorm_low                          0x08001811   Thumb Code    70  btod.o(CL$$btod_d2e_denorm_low)
    _d2e_norm_op1                            0x08001857   Thumb Code    96  btod.o(CL$$btod_d2e_norm_op1)
    __btod_div_common                        0x080018b7   Thumb Code   696  btod.o(CL$$btod_div_common)
    _e2e                                     0x08001bef   Thumb Code   220  btod.o(CL$$btod_e2e)
    _btod_ediv                               0x08001ccb   Thumb Code    42  btod.o(CL$$btod_ediv)
    _btod_emul                               0x08001cf5   Thumb Code    42  btod.o(CL$$btod_emul)
    __btod_mult_common                       0x08001d1f   Thumb Code   580  btod.o(CL$$btod_mult_common)
    BF_Printf                                0x08001f63   Thumb Code    86  uart.o(i.BF_Printf)
    Buffer_Operation                         0x08001fb9   Thumb Code  1320  buffer.o(i.Buffer_Operation)
    BusFault_Handler                         0x080024e1   Thumb Code     4  stm32f4xx_it_1.o(i.BusFault_Handler)
    COM_Init                                 0x080024e5   Thumb Code    54  uart.o(i.COM_Init)
    DI_Init                                  0x08002539   Thumb Code    52  di.o(i.DI_Init)
    DI_Read                                  0x0800256d   Thumb Code    88  di.o(i.DI_Read)
    DO_Init                                  0x080025c9   Thumb Code    36  do.o(i.DO_Init)
    DO_Proc                                  0x080025ed   Thumb Code    72  do.o(i.DO_Proc)
    DebugMon_Handler                         0x08002639   Thumb Code     2  stm32f4xx_it_1.o(i.DebugMon_Handler)
    Delay_Ms                                 0x0800263b   Thumb Code    24  systick.o(i.Delay_Ms)
    Delay_Us                                 0x08002655   Thumb Code    66  systick.o(i.Delay_Us)
    GET_PORT                                 0x080026a1   Thumb Code    22  gpio.o(i.GET_PORT)
    HardFault_Handler                        0x080026bd   Thumb Code     4  stm32f4xx_it_1.o(i.HardFault_Handler)
    IO_Init                                  0x080026c1   Thumb Code    88  gpio.o(i.IO_Init)
    IO_Read                                  0x08002719   Thumb Code    44  gpio.o(i.IO_Read)
    IO_Write                                 0x08002745   Thumb Code    44  gpio.o(i.IO_Write)
    MemManage_Handler                        0x08002771   Thumb Code     4  stm32f4xx_it_1.o(i.MemManage_Handler)
    NMI_Handler                              0x08002775   Thumb Code     2  stm32f4xx_it_1.o(i.NMI_Handler)
    NVIC_Init                                0x08002779   Thumb Code   106  misc.o(i.NVIC_Init)
    OLED_Clear                               0x080027f1   Thumb Code    66  oled_096.o(i.OLED_Clear)
    OLED_Init                                0x08002833   Thumb Code   220  oled_096.o(i.OLED_Init)
    OLED_Set_Pos                             0x0800290f   Thumb Code    42  oled_096.o(i.OLED_Set_Pos)
    OLED_ShowCHinese                         0x08002939   Thumb Code    98  oled_096.o(i.OLED_ShowCHinese)
    OLED_ShowChar                            0x080029a1   Thumb Code   154  oled_096.o(i.OLED_ShowChar)
    OLED_ShowString                          0x08002a45   Thumb Code    58  oled_096.o(i.OLED_ShowString)
    OLED_WR_Byte                             0x08002a7f   Thumb Code    36  oled_096.o(i.OLED_WR_Byte)
    PendSV_Handler                           0x08002aa3   Thumb Code     2  stm32f4xx_it_1.o(i.PendSV_Handler)
    RCC_APB2PeriphClockCmd                   0x08002aa5   Thumb Code    26  stm32f4xx_rcc.o(i.RCC_APB2PeriphClockCmd)
    RCC_GetClocksFreq                        0x08002ac5   Thumb Code   214  stm32f4xx_rcc.o(i.RCC_GetClocksFreq)
    RCC_IO_XXABLE                            0x08002bad   Thumb Code    38  gpio.o(i.RCC_IO_XXABLE)
    Rs_485                                   0x08002bd9   Thumb Code    30  uart.o(i.Rs_485)
    SVC_Handler                              0x08002bfd   Thumb Code     2  stm32f4xx_it_1.o(i.SVC_Handler)
    Soft_I2C_AddrCheck                       0x08002ced   Thumb Code    52  soft_i2c.o(i.Soft_I2C_AddrCheck)
    Soft_I2C_Init                            0x08002d5d   Thumb Code    40  soft_i2c.o(i.Soft_I2C_Init)
    Soft_I2C_ReceiveACK                      0x08002da1   Thumb Code    74  soft_i2c.o(i.Soft_I2C_ReceiveACK)
    Soft_I2C_SacnBus                         0x08002df1   Thumb Code    40  soft_i2c.o(i.Soft_I2C_SacnBus)
    Soft_I2C_SendByte                        0x08002e25   Thumb Code    96  soft_i2c.o(i.Soft_I2C_SendByte)
    Soft_I2C_Start                           0x08002e89   Thumb Code    80  soft_i2c.o(i.Soft_I2C_Start)
    Soft_I2C_Stop                            0x08002edd   Thumb Code    58  soft_i2c.o(i.Soft_I2C_Stop)
    Soft_I2C_WriteByteWithACK                0x08002f1d   Thumb Code   140  soft_i2c.o(i.Soft_I2C_WriteByteWithACK)
    SysTick_Handler                          0x08002fad   Thumb Code     2  stm32f4xx_it_1.o(i.SysTick_Handler)
    SystemInit                               0x08002fb1   Thumb Code    88  system_stm32f4xx_1.o(i.SystemInit)
    USART1_IRQHandler                        0x0800318d   Thumb Code    10  uart.o(i.USART1_IRQHandler)
    USART_ClearFlag                          0x08003197   Thumb Code    18  stm32f4xx_usart.o(i.USART_ClearFlag)
    USART_ClearITPendingBit                  0x080031a9   Thumb Code    30  stm32f4xx_usart.o(i.USART_ClearITPendingBit)
    USART_Cmd                                0x080031c7   Thumb Code    24  stm32f4xx_usart.o(i.USART_Cmd)
    USART_GetITStatus                        0x080031df   Thumb Code    84  stm32f4xx_usart.o(i.USART_GetITStatus)
    USART_ITConfig                           0x08003233   Thumb Code    74  stm32f4xx_usart.o(i.USART_ITConfig)
    USART_Init                               0x0800327d   Thumb Code   204  stm32f4xx_usart.o(i.USART_Init)
    USART_ReceiveData                        0x08003351   Thumb Code    10  stm32f4xx_usart.o(i.USART_ReceiveData)
    Uart_Proc                                0x0800335d   Thumb Code   480  uart.o(i.Uart_Proc)
    Uart_SendData                            0x08003589   Thumb Code    86  uart.o(i.Uart_SendData)
    Uart_SendNextByte                        0x080035e5   Thumb Code    50  uart.o(i.Uart_SendNextByte)
    Uart_Sendch                              0x0800361d   Thumb Code    68  uart.o(i.Uart_Sendch)
    UsageFault_Handler                       0x08003665   Thumb Code     4  stm32f4xx_it_1.o(i.UsageFault_Handler)
    __ARM_fpclassify                         0x08003669   Thumb Code    48  fpclassify.o(i.__ARM_fpclassify)
    _is_digit                                0x0800369f   Thumb Code    14  __printf_wp.o(i._is_digit)
    main                                     0x080036ad   Thumb Code    84  main.o(i.main)
    _get_lc_numeric                          0x08003725   Thumb Code    44  lc_numeric_c.o(locale$$code)
    _get_lc_ctype                            0x08003751   Thumb Code    44  lc_ctype_c.o(locale$$code)
    _fp_init                                 0x0800377d   Thumb Code    10  fpinit.o(x$fpl$fpinit)
    __fplib_config_fpu_vfp                   0x08003785   Thumb Code     0  fpinit.o(x$fpl$fpinit)
    __fplib_config_pureend_doubles           0x08003785   Thumb Code     0  fpinit.o(x$fpl$fpinit)
    _printf_fp_dec                           0x08003787   Thumb Code     4  printf1.o(x$fpl$printf1)
    _printf_fp_hex                           0x0800378b   Thumb Code     4  printf2.o(x$fpl$printf2)
    __I$use$fp                               0x0800378e   Number         0  usenofp.o(x$fpl$usenofp)
    F6x8                                     0x08003798   Data         552  oled_096.o(.constdata)
    F8X16                                    0x080039c0   Data        1520  oled_096.o(.constdata)
    Region$$Table$$Base                      0x080040ac   Number         0  anon$$obj.o(Region$$Table)
    Region$$Table$$Limit                     0x080040cc   Number         0  anon$$obj.o(Region$$Table)
    __ctype                                  0x080040f5   Data           0  lc_ctype_c.o(locale$$data)
    SystemCoreClock                          0x20000000   Data           4  system_stm32f4xx_1.o(.data)
    AHBPrescTable                            0x20000004   Data          16  system_stm32f4xx_1.o(.data)
    DI                                       0x20000064   Data           8  di.o(.data)
    DO                                       0x2000006c   Data           4  do.o(.data)
    Hzk                                      0x20000070   Data         384  oled_096.o(.data)
    UART1_TX_BUFFER                          0x200001f0   Data         512  uart.o(.bss)
    UART1_RX_BUFFER                          0x200003f0   Data         512  uart.o(.bss)
    __libspace_start                         0x200005f0   Data          96  libspace.o(.bss)
    __temporary_stack_top$libspace           0x20000650   Data           0  libspace.o(.bss)



==============================================================================

Memory Map of the image

  Image Entry point : 0x08000189

  Load Region LR_IROM1 (Base: 0x08000000, Size: 0x000043e8, Max: 0x00080000, ABSOLUTE, COMPRESSED[0x000042d0])

    Execution Region ER_IROM1 (Exec base: 0x08000000, Load base: 0x08000000, Size: 0x000041f8, Max: 0x00080000, ABSOLUTE)

    Exec Addr    Load Addr    Size         Type   Attr      Idx    E Section Name        Object

    0x08000000   0x08000000   0x00000188   Data   RO            3    RESET               startup_stm32f40_41xxx.o
    0x08000188   0x08000188   0x00000008   Code   RO         5785  * !!!main             c_w.l(__main.o)
    0x08000190   0x08000190   0x00000034   Code   RO         6158    !!!scatter          c_w.l(__scatter.o)
    0x080001c4   0x080001c4   0x0000005a   Code   RO         6156    !!dczerorl2         c_w.l(__dczerorl2.o)
    0x0800021e   0x0800021e   0x00000002   PAD
    0x08000220   0x08000220   0x0000001c   Code   RO         6160    !!handler_zi        c_w.l(__scatter_zi.o)
    0x0800023c   0x0800023c   0x00000000   Code   RO         5898    .ARM.Collect$$_printf_percent$$00000000  c_w.l(_printf_percent.o)
    0x0800023c   0x0800023c   0x00000006   Code   RO         5887    .ARM.Collect$$_printf_percent$$00000001  c_w.l(_printf_n.o)
    0x08000242   0x08000242   0x00000006   Code   RO         5889    .ARM.Collect$$_printf_percent$$00000002  c_w.l(_printf_p.o)
    0x08000248   0x08000248   0x00000006   Code   RO         5894    .ARM.Collect$$_printf_percent$$00000003  c_w.l(_printf_f.o)
    0x0800024e   0x0800024e   0x00000006   Code   RO         5895    .ARM.Collect$$_printf_percent$$00000004  c_w.l(_printf_e.o)
    0x08000254   0x08000254   0x00000006   Code   RO         5896    .ARM.Collect$$_printf_percent$$00000005  c_w.l(_printf_g.o)
    0x0800025a   0x0800025a   0x00000006   Code   RO         5897    .ARM.Collect$$_printf_percent$$00000006  c_w.l(_printf_a.o)
    0x08000260   0x08000260   0x0000000a   Code   RO         5902    .ARM.Collect$$_printf_percent$$00000007  c_w.l(_printf_ll.o)
    0x0800026a   0x0800026a   0x00000006   Code   RO         5891    .ARM.Collect$$_printf_percent$$00000008  c_w.l(_printf_i.o)
    0x08000270   0x08000270   0x00000006   Code   RO         5892    .ARM.Collect$$_printf_percent$$00000009  c_w.l(_printf_d.o)
    0x08000276   0x08000276   0x00000006   Code   RO         5893    .ARM.Collect$$_printf_percent$$0000000A  c_w.l(_printf_u.o)
    0x0800027c   0x0800027c   0x00000006   Code   RO         5890    .ARM.Collect$$_printf_percent$$0000000B  c_w.l(_printf_o.o)
    0x08000282   0x08000282   0x00000006   Code   RO         5888    .ARM.Collect$$_printf_percent$$0000000C  c_w.l(_printf_x.o)
    0x08000288   0x08000288   0x00000006   Code   RO         5899    .ARM.Collect$$_printf_percent$$0000000D  c_w.l(_printf_lli.o)
    0x0800028e   0x0800028e   0x00000006   Code   RO         5900    .ARM.Collect$$_printf_percent$$0000000E  c_w.l(_printf_lld.o)
    0x08000294   0x08000294   0x00000006   Code   RO         5901    .ARM.Collect$$_printf_percent$$0000000F  c_w.l(_printf_llu.o)
    0x0800029a   0x0800029a   0x00000006   Code   RO         5906    .ARM.Collect$$_printf_percent$$00000010  c_w.l(_printf_llo.o)
    0x080002a0   0x080002a0   0x00000006   Code   RO         5907    .ARM.Collect$$_printf_percent$$00000011  c_w.l(_printf_llx.o)
    0x080002a6   0x080002a6   0x0000000a   Code   RO         5903    .ARM.Collect$$_printf_percent$$00000012  c_w.l(_printf_l.o)
    0x080002b0   0x080002b0   0x00000006   Code   RO         5885    .ARM.Collect$$_printf_percent$$00000013  c_w.l(_printf_c.o)
    0x080002b6   0x080002b6   0x00000006   Code   RO         5886    .ARM.Collect$$_printf_percent$$00000014  c_w.l(_printf_s.o)
    0x080002bc   0x080002bc   0x00000006   Code   RO         5904    .ARM.Collect$$_printf_percent$$00000015  c_w.l(_printf_lc.o)
    0x080002c2   0x080002c2   0x00000006   Code   RO         5905    .ARM.Collect$$_printf_percent$$00000016  c_w.l(_printf_ls.o)
    0x080002c8   0x080002c8   0x00000004   Code   RO         6008    .ARM.Collect$$_printf_percent$$00000017  c_w.l(_printf_percent_end.o)
    0x080002cc   0x080002cc   0x00000002   Code   RO         6083    .ARM.Collect$$libinit$$00000000  c_w.l(libinit.o)
    0x080002ce   0x080002ce   0x00000004   Code   RO         5912    .ARM.Collect$$libinit$$00000001  c_w.l(libinit2.o)
    0x080002d2   0x080002d2   0x00000000   Code   RO         5915    .ARM.Collect$$libinit$$00000004  c_w.l(libinit2.o)
    0x080002d2   0x080002d2   0x00000008   Code   RO         5916    .ARM.Collect$$libinit$$00000005  c_w.l(libinit2.o)
    0x080002da   0x080002da   0x00000000   Code   RO         5918    .ARM.Collect$$libinit$$0000000A  c_w.l(libinit2.o)
    0x080002da   0x080002da   0x00000000   Code   RO         5920    .ARM.Collect$$libinit$$0000000C  c_w.l(libinit2.o)
    0x080002da   0x080002da   0x00000000   Code   RO         5922    .ARM.Collect$$libinit$$0000000E  c_w.l(libinit2.o)
    0x080002da   0x080002da   0x00000006   Code   RO         5923    .ARM.Collect$$libinit$$0000000F  c_w.l(libinit2.o)
    0x080002e0   0x080002e0   0x00000000   Code   RO         5925    .ARM.Collect$$libinit$$00000011  c_w.l(libinit2.o)
    0x080002e0   0x080002e0   0x0000000c   Code   RO         5926    .ARM.Collect$$libinit$$00000012  c_w.l(libinit2.o)
    0x080002ec   0x080002ec   0x00000000   Code   RO         5927    .ARM.Collect$$libinit$$00000013  c_w.l(libinit2.o)
    0x080002ec   0x080002ec   0x00000000   Code   RO         5929    .ARM.Collect$$libinit$$00000015  c_w.l(libinit2.o)
    0x080002ec   0x080002ec   0x0000000a   Code   RO         5930    .ARM.Collect$$libinit$$00000016  c_w.l(libinit2.o)
    0x080002f6   0x080002f6   0x00000000   Code   RO         5931    .ARM.Collect$$libinit$$00000017  c_w.l(libinit2.o)
    0x080002f6   0x080002f6   0x00000000   Code   RO         5933    .ARM.Collect$$libinit$$00000019  c_w.l(libinit2.o)
    0x080002f6   0x080002f6   0x00000000   Code   RO         5935    .ARM.Collect$$libinit$$0000001B  c_w.l(libinit2.o)
    0x080002f6   0x080002f6   0x00000000   Code   RO         5937    .ARM.Collect$$libinit$$0000001D  c_w.l(libinit2.o)
    0x080002f6   0x080002f6   0x00000000   Code   RO         5939    .ARM.Collect$$libinit$$0000001F  c_w.l(libinit2.o)
    0x080002f6   0x080002f6   0x00000000   Code   RO         5941    .ARM.Collect$$libinit$$00000021  c_w.l(libinit2.o)
    0x080002f6   0x080002f6   0x00000000   Code   RO         5943    .ARM.Collect$$libinit$$00000023  c_w.l(libinit2.o)
    0x080002f6   0x080002f6   0x00000000   Code   RO         5945    .ARM.Collect$$libinit$$00000025  c_w.l(libinit2.o)
    0x080002f6   0x080002f6   0x00000000   Code   RO         5949    .ARM.Collect$$libinit$$0000002C  c_w.l(libinit2.o)
    0x080002f6   0x080002f6   0x00000000   Code   RO         5951    .ARM.Collect$$libinit$$0000002E  c_w.l(libinit2.o)
    0x080002f6   0x080002f6   0x00000000   Code   RO         5953    .ARM.Collect$$libinit$$00000030  c_w.l(libinit2.o)
    0x080002f6   0x080002f6   0x00000000   Code   RO         5955    .ARM.Collect$$libinit$$00000032  c_w.l(libinit2.o)
    0x080002f6   0x080002f6   0x00000002   Code   RO         5956    .ARM.Collect$$libinit$$00000033  c_w.l(libinit2.o)
    0x080002f8   0x080002f8   0x00000002   Code   RO         6153    .ARM.Collect$$libshutdown$$00000000  c_w.l(libshutdown.o)
    0x080002fa   0x080002fa   0x00000000   Code   RO         6107    .ARM.Collect$$libshutdown$$00000002  c_w.l(libshutdown2.o)
    0x080002fa   0x080002fa   0x00000000   Code   RO         6109    .ARM.Collect$$libshutdown$$00000004  c_w.l(libshutdown2.o)
    0x080002fa   0x080002fa   0x00000000   Code   RO         6111    .ARM.Collect$$libshutdown$$00000006  c_w.l(libshutdown2.o)
    0x080002fa   0x080002fa   0x00000000   Code   RO         6114    .ARM.Collect$$libshutdown$$00000009  c_w.l(libshutdown2.o)
    0x080002fa   0x080002fa   0x00000000   Code   RO         6117    .ARM.Collect$$libshutdown$$0000000C  c_w.l(libshutdown2.o)
    0x080002fa   0x080002fa   0x00000000   Code   RO         6119    .ARM.Collect$$libshutdown$$0000000E  c_w.l(libshutdown2.o)
    0x080002fa   0x080002fa   0x00000000   Code   RO         6122    .ARM.Collect$$libshutdown$$00000011  c_w.l(libshutdown2.o)
    0x080002fa   0x080002fa   0x00000002   Code   RO         6123    .ARM.Collect$$libshutdown$$00000012  c_w.l(libshutdown2.o)
    0x080002fc   0x080002fc   0x00000000   Code   RO         5789    .ARM.Collect$$rtentry$$00000000  c_w.l(__rtentry.o)
    0x080002fc   0x080002fc   0x00000000   Code   RO         5971    .ARM.Collect$$rtentry$$00000002  c_w.l(__rtentry2.o)
    0x080002fc   0x080002fc   0x00000006   Code   RO         5983    .ARM.Collect$$rtentry$$00000004  c_w.l(__rtentry4.o)
    0x08000302   0x08000302   0x00000000   Code   RO         5973    .ARM.Collect$$rtentry$$00000009  c_w.l(__rtentry2.o)
    0x08000302   0x08000302   0x00000004   Code   RO         5974    .ARM.Collect$$rtentry$$0000000A  c_w.l(__rtentry2.o)
    0x08000306   0x08000306   0x00000000   Code   RO         5976    .ARM.Collect$$rtentry$$0000000C  c_w.l(__rtentry2.o)
    0x08000306   0x08000306   0x00000008   Code   RO         5977    .ARM.Collect$$rtentry$$0000000D  c_w.l(__rtentry2.o)
    0x0800030e   0x0800030e   0x00000002   Code   RO         6091    .ARM.Collect$$rtexit$$00000000  c_w.l(rtexit.o)
    0x08000310   0x08000310   0x00000000   Code   RO         6127    .ARM.Collect$$rtexit$$00000002  c_w.l(rtexit2.o)
    0x08000310   0x08000310   0x00000004   Code   RO         6128    .ARM.Collect$$rtexit$$00000003  c_w.l(rtexit2.o)
    0x08000314   0x08000314   0x00000006   Code   RO         6129    .ARM.Collect$$rtexit$$00000004  c_w.l(rtexit2.o)
    0x0800031a   0x0800031a   0x00000002   PAD
    0x0800031c   0x0800031c   0x00000000   Code   RO         5987    .emb_text           c_w.l(maybetermalloc1.o)
    0x0800031c   0x0800031c   0x00000040   Code   RO            4    .text               startup_stm32f40_41xxx.o
    0x0800035c   0x0800035c   0x0000005e   Code   RO         5717    .text               c_w.l(h1_alloc.o)
    0x080003ba   0x080003ba   0x0000004e   Code   RO         5719    .text               c_w.l(h1_free.o)
    0x08000408   0x08000408   0x00000026   Code   RO         5775    .text               c_w.l(llshl.o)
    0x0800042e   0x0800042e   0x00000026   Code   RO         5777    .text               c_w.l(llushr.o)
    0x08000454   0x08000454   0x00000034   Code   RO         5779    .text               c_w.l(vsnprintf.o)
    0x08000488   0x08000488   0x0000008a   Code   RO         5781    .text               c_w.l(rt_memcpy_v6.o)
    0x08000512   0x08000512   0x00000006   Code   RO         5783    .text               c_w.l(heapauxi.o)
    0x08000518   0x08000518   0x00000008   Code   RO         5793    .text               c_w.l(rt_heap_descriptor_intlibspace.o)
    0x08000520   0x08000520   0x00000004   Code   RO         5795    .text               c_w.l(hguard.o)
    0x08000524   0x08000524   0x0000008a   Code   RO         5797    .text               c_w.l(init_alloc.o)
    0x080005ae   0x080005ae   0x0000000e   Code   RO         5801    .text               c_w.l(h1_init.o)
    0x080005bc   0x080005bc   0x0000004e   Code   RO         5817    .text               c_w.l(_printf_pad.o)
    0x0800060a   0x0800060a   0x00000024   Code   RO         5819    .text               c_w.l(_printf_truncate.o)
    0x0800062e   0x0800062e   0x00000052   Code   RO         5821    .text               c_w.l(_printf_str.o)
    0x08000680   0x08000680   0x00000078   Code   RO         5823    .text               c_w.l(_printf_dec.o)
    0x080006f8   0x080006f8   0x00000028   Code   RO         5825    .text               c_w.l(_printf_charcount.o)
    0x08000720   0x08000720   0x00000030   Code   RO         5827    .text               c_w.l(_printf_char_common.o)
    0x08000750   0x08000750   0x0000000a   Code   RO         5829    .text               c_w.l(_sputc.o)
    0x0800075a   0x0800075a   0x00000010   Code   RO         5831    .text               c_w.l(_snputc.o)
    0x0800076a   0x0800076a   0x00000002   PAD
    0x0800076c   0x0800076c   0x000000bc   Code   RO         5833    .text               c_w.l(_printf_wctomb.o)
    0x08000828   0x08000828   0x0000007c   Code   RO         5836    .text               c_w.l(_printf_longlong_dec.o)
    0x080008a4   0x080008a4   0x00000070   Code   RO         5842    .text               c_w.l(_printf_oct_int_ll.o)
    0x08000914   0x08000914   0x00000094   Code   RO         5862    .text               c_w.l(_printf_hex_int_ll_ptr.o)
    0x080009a8   0x080009a8   0x00000188   Code   RO         5882    .text               c_w.l(__printf_flags_ss_wp.o)
    0x08000b30   0x08000b30   0x00000064   Code   RO         5908    .text               c_w.l(rt_memcpy_w.o)
    0x08000b94   0x08000b94   0x00000008   Code   RO         5967    .text               c_w.l(libspace.o)
    0x08000b9c   0x08000b9c   0x00000034   Code   RO         5989    .text               c_w.l(h1_extend.o)
    0x08000bd0   0x08000bd0   0x0000008a   Code   RO         5993    .text               c_w.l(lludiv10.o)
    0x08000c5a   0x08000c5a   0x000000b2   Code   RO         5995    .text               c_w.l(_printf_intcommon.o)
    0x08000d0c   0x08000d0c   0x0000041e   Code   RO         5997    .text               c_w.l(_printf_fp_dec.o)
    0x0800112a   0x0800112a   0x00000002   PAD
    0x0800112c   0x0800112c   0x000002fc   Code   RO         5999    .text               c_w.l(_printf_fp_hex.o)
    0x08001428   0x08001428   0x0000002c   Code   RO         6004    .text               c_w.l(_printf_char.o)
    0x08001454   0x08001454   0x0000002c   Code   RO         6006    .text               c_w.l(_printf_wchar.o)
    0x08001480   0x08001480   0x00000040   Code   RO         6009    .text               c_w.l(_wcrtomb.o)
    0x080014c0   0x080014c0   0x0000000e   Code   RO         6011    .text               c_w.l(defsig_rtmem_outer.o)
    0x080014ce   0x080014ce   0x00000002   Code   RO         6022    .text               c_w.l(use_no_semi.o)
    0x080014d0   0x080014d0   0x00000000   Code   RO         6024    .text               c_w.l(indicate_semi.o)
    0x080014d0   0x080014d0   0x0000004a   Code   RO         6025    .text               c_w.l(sys_stackheap_outer.o)
    0x0800151a   0x0800151a   0x00000002   PAD
    0x0800151c   0x0800151c   0x00000010   Code   RO         6027    .text               c_w.l(rt_ctype_table.o)
    0x0800152c   0x0800152c   0x00000008   Code   RO         6034    .text               c_w.l(rt_locale_intlibspace.o)
    0x08001534   0x08001534   0x00000080   Code   RO         6038    .text               c_w.l(_printf_fp_infnan.o)
    0x080015b4   0x080015b4   0x000000e4   Code   RO         6040    .text               c_w.l(bigflt0.o)
    0x08001698   0x08001698   0x00000012   Code   RO         6068    .text               c_w.l(exit.o)
    0x080016aa   0x080016aa   0x0000000a   Code   RO         6070    .text               c_w.l(defsig_exit.o)
    0x080016b4   0x080016b4   0x00000050   Code   RO         6072    .text               c_w.l(defsig_rtmem_inner.o)
    0x08001704   0x08001704   0x0000000c   Code   RO         6089    .text               c_w.l(sys_exit.o)
    0x08001710   0x08001710   0x00000032   Code   RO         6102    .text               c_w.l(defsig_general.o)
    0x08001742   0x08001742   0x00000002   PAD
    0x08001744   0x08001744   0x00000080   Code   RO         6104    .text               c_w.l(strcmpv7m.o)
    0x080017c4   0x080017c4   0x0000000e   Code   RO         6124    .text               c_w.l(sys_wrch.o)
    0x080017d2   0x080017d2   0x0000003e   Code   RO         6043    CL$$btod_d2e        c_w.l(btod.o)
    0x08001810   0x08001810   0x00000046   Code   RO         6045    CL$$btod_d2e_denorm_low  c_w.l(btod.o)
    0x08001856   0x08001856   0x00000060   Code   RO         6044    CL$$btod_d2e_norm_op1  c_w.l(btod.o)
    0x080018b6   0x080018b6   0x00000338   Code   RO         6053    CL$$btod_div_common  c_w.l(btod.o)
    0x08001bee   0x08001bee   0x000000dc   Code   RO         6050    CL$$btod_e2e        c_w.l(btod.o)
    0x08001cca   0x08001cca   0x0000002a   Code   RO         6047    CL$$btod_ediv       c_w.l(btod.o)
    0x08001cf4   0x08001cf4   0x0000002a   Code   RO         6046    CL$$btod_emul       c_w.l(btod.o)
    0x08001d1e   0x08001d1e   0x00000244   Code   RO         6052    CL$$btod_mult_common  c_w.l(btod.o)
    0x08001f62   0x08001f62   0x00000056   Code   RO         5338    i.BF_Printf         uart.o
    0x08001fb8   0x08001fb8   0x00000528   Code   RO         4956    i.Buffer_Operation  buffer.o
    0x080024e0   0x080024e0   0x00000004   Code   RO           12    i.BusFault_Handler  stm32f4xx_it_1.o
    0x080024e4   0x080024e4   0x00000054   Code   RO         5339    i.COM_Init          uart.o
    0x08002538   0x08002538   0x00000034   Code   RO         5524    i.DI_Init           di.o
    0x0800256c   0x0800256c   0x0000005c   Code   RO         5525    i.DI_Read           di.o
    0x080025c8   0x080025c8   0x00000024   Code   RO         5556    i.DO_Init           do.o
    0x080025ec   0x080025ec   0x0000004c   Code   RO         5557    i.DO_Proc           do.o
    0x08002638   0x08002638   0x00000002   Code   RO           13    i.DebugMon_Handler  stm32f4xx_it_1.o
    0x0800263a   0x0800263a   0x00000018   Code   RO         5303    i.Delay_Ms          systick.o
    0x08002652   0x08002652   0x00000002   PAD
    0x08002654   0x08002654   0x0000004c   Code   RO         5304    i.Delay_Us          systick.o
    0x080026a0   0x080026a0   0x0000001c   Code   RO         5106    i.GET_PORT          gpio.o
    0x080026bc   0x080026bc   0x00000004   Code   RO           14    i.HardFault_Handler  stm32f4xx_it_1.o
    0x080026c0   0x080026c0   0x00000058   Code   RO         5107    i.IO_Init           gpio.o
    0x08002718   0x08002718   0x0000002c   Code   RO         5108    i.IO_Read           gpio.o
    0x08002744   0x08002744   0x0000002c   Code   RO         5109    i.IO_Write          gpio.o
    0x08002770   0x08002770   0x00000004   Code   RO           15    i.MemManage_Handler  stm32f4xx_it_1.o
    0x08002774   0x08002774   0x00000002   Code   RO           16    i.NMI_Handler       stm32f4xx_it_1.o
    0x08002776   0x08002776   0x00000002   PAD
    0x08002778   0x08002778   0x00000078   Code   RO          225    i.NVIC_Init         misc.o
    0x080027f0   0x080027f0   0x00000042   Code   RO         5602    i.OLED_Clear        oled_096.o
    0x08002832   0x08002832   0x000000dc   Code   RO         5605    i.OLED_Init         oled_096.o
    0x0800290e   0x0800290e   0x0000002a   Code   RO         5607    i.OLED_Set_Pos      oled_096.o
    0x08002938   0x08002938   0x00000068   Code   RO         5608    i.OLED_ShowCHinese  oled_096.o
    0x080029a0   0x080029a0   0x000000a4   Code   RO         5609    i.OLED_ShowChar     oled_096.o
    0x08002a44   0x08002a44   0x0000003a   Code   RO         5611    i.OLED_ShowString   oled_096.o
    0x08002a7e   0x08002a7e   0x00000024   Code   RO         5612    i.OLED_WR_Byte      oled_096.o
    0x08002aa2   0x08002aa2   0x00000002   Code   RO           17    i.PendSV_Handler    stm32f4xx_it_1.o
    0x08002aa4   0x08002aa4   0x00000020   Code   RO         2824    i.RCC_APB2PeriphClockCmd  stm32f4xx_rcc.o
    0x08002ac4   0x08002ac4   0x000000e8   Code   RO         2833    i.RCC_GetClocksFreq  stm32f4xx_rcc.o
    0x08002bac   0x08002bac   0x0000002c   Code   RO         5110    i.RCC_IO_XXABLE     gpio.o
    0x08002bd8   0x08002bd8   0x00000024   Code   RO         5340    i.Rs_485            uart.o
    0x08002bfc   0x08002bfc   0x00000002   Code   RO           18    i.SVC_Handler       stm32f4xx_it_1.o
    0x08002bfe   0x08002bfe   0x00000002   PAD
    0x08002c00   0x08002c00   0x000000ec   Code   RO          188    i.SetSysClock       system_stm32f4xx_1.o
    0x08002cec   0x08002cec   0x00000038   Code   RO         5171    i.Soft_I2C_AddrCheck  soft_i2c.o
    0x08002d24   0x08002d24   0x00000036   Code   RO         5172    i.Soft_I2C_Config   soft_i2c.o
    0x08002d5a   0x08002d5a   0x00000002   PAD
    0x08002d5c   0x08002d5c   0x00000044   Code   RO         5173    i.Soft_I2C_Init     soft_i2c.o
    0x08002da0   0x08002da0   0x00000050   Code   RO         5176    i.Soft_I2C_ReceiveACK  soft_i2c.o
    0x08002df0   0x08002df0   0x00000034   Code   RO         5178    i.Soft_I2C_SacnBus  soft_i2c.o
    0x08002e24   0x08002e24   0x00000064   Code   RO         5180    i.Soft_I2C_SendByte  soft_i2c.o
    0x08002e88   0x08002e88   0x00000054   Code   RO         5181    i.Soft_I2C_Start    soft_i2c.o
    0x08002edc   0x08002edc   0x00000040   Code   RO         5182    i.Soft_I2C_Stop     soft_i2c.o
    0x08002f1c   0x08002f1c   0x00000090   Code   RO         5184    i.Soft_I2C_WriteByteWithACK  soft_i2c.o
    0x08002fac   0x08002fac   0x00000002   Code   RO           19    i.SysTick_Handler   stm32f4xx_it_1.o
    0x08002fae   0x08002fae   0x00000002   PAD
    0x08002fb0   0x08002fb0   0x00000068   Code   RO          190    i.SystemInit        system_stm32f4xx_1.o
    0x08003018   0x08003018   0x00000174   Code   RO         5341    i.UART_Init         uart.o
    0x0800318c   0x0800318c   0x0000000a   Code   RO         5342    i.USART1_IRQHandler  uart.o
    0x08003196   0x08003196   0x00000012   Code   RO         4705    i.USART_ClearFlag   stm32f4xx_usart.o
    0x080031a8   0x080031a8   0x0000001e   Code   RO         4706    i.USART_ClearITPendingBit  stm32f4xx_usart.o
    0x080031c6   0x080031c6   0x00000018   Code   RO         4709    i.USART_Cmd         stm32f4xx_usart.o
    0x080031de   0x080031de   0x00000054   Code   RO         4713    i.USART_GetITStatus  stm32f4xx_usart.o
    0x08003232   0x08003232   0x0000004a   Code   RO         4715    i.USART_ITConfig    stm32f4xx_usart.o
    0x0800327c   0x0800327c   0x000000d4   Code   RO         4716    i.USART_Init        stm32f4xx_usart.o
    0x08003350   0x08003350   0x0000000a   Code   RO         4723    i.USART_ReceiveData  stm32f4xx_usart.o
    0x0800335a   0x0800335a   0x00000002   PAD
    0x0800335c   0x0800335c   0x0000022c   Code   RO         5343    i.Uart_Proc         uart.o
    0x08003588   0x08003588   0x0000005c   Code   RO         5344    i.Uart_SendData     uart.o
    0x080035e4   0x080035e4   0x00000038   Code   RO         5345    i.Uart_SendNextByte  uart.o
    0x0800361c   0x0800361c   0x00000048   Code   RO         5346    i.Uart_Sendch       uart.o
    0x08003664   0x08003664   0x00000004   Code   RO           20    i.UsageFault_Handler  stm32f4xx_it_1.o
    0x08003668   0x08003668   0x00000030   Code   RO         6087    i.__ARM_fpclassify  m_wm.l(fpclassify.o)
    0x08003698   0x08003698   0x00000006   Code   RO         5186    i.__set_PRIMASK     soft_i2c.o
    0x0800369e   0x0800369e   0x0000000e   Code   RO         5875    i._is_digit         c_w.l(__printf_wp.o)
    0x080036ac   0x080036ac   0x00000078   Code   RO         5457    i.main              main.o
    0x08003724   0x08003724   0x0000002c   Code   RO         6066    locale$$code        c_w.l(lc_numeric_c.o)
    0x08003750   0x08003750   0x0000002c   Code   RO         6098    locale$$code        c_w.l(lc_ctype_c.o)
    0x0800377c   0x0800377c   0x0000000a   Code   RO         6020    x$fpl$fpinit        fz_wm.l(fpinit.o)
    0x08003786   0x08003786   0x00000004   Code   RO         5957    x$fpl$printf1       fz_wm.l(printf1.o)
    0x0800378a   0x0800378a   0x00000004   Code   RO         5959    x$fpl$printf2       fz_wm.l(printf2.o)
    0x0800378e   0x0800378e   0x00000000   Code   RO         6086    x$fpl$usenofp       fz_wm.l(usenofp.o)
    0x0800378e   0x0800378e   0x0000000a   Data   RO         5348    .constdata          uart.o
    0x08003798   0x08003798   0x00000818   Data   RO         5614    .constdata          oled_096.o
    0x08003fb0   0x08003fb0   0x00000008   Data   RO         5834    .constdata          c_w.l(_printf_wctomb.o)
    0x08003fb8   0x08003fb8   0x00000028   Data   RO         5863    .constdata          c_w.l(_printf_hex_int_ll_ptr.o)
    0x08003fe0   0x08003fe0   0x00000011   Data   RO         5883    .constdata          c_w.l(__printf_flags_ss_wp.o)
    0x08003ff1   0x08003ff1   0x00000026   Data   RO         6000    .constdata          c_w.l(_printf_fp_hex.o)
    0x08004017   0x08004017   0x00000001   PAD
    0x08004018   0x08004018   0x00000094   Data   RO         6041    .constdata          c_w.l(bigflt0.o)
    0x080040ac   0x080040ac   0x00000020   Data   RO         6154    Region$$Table       anon$$obj.o
    0x080040cc   0x080040cc   0x0000001c   Data   RO         6065    locale$$data        c_w.l(lc_numeric_c.o)
    0x080040e8   0x080040e8   0x00000110   Data   RO         6097    locale$$data        c_w.l(lc_ctype_c.o)


    Execution Region RW_IRAM1 (Exec base: 0x20000000, Load base: 0x080041f8, Size: 0x00000c50, Max: 0x00020000, ABSOLUTE, COMPRESSED[0x000000d8])

    Exec Addr    Load Addr    Size         Type   Attr      Idx    E Section Name        Object

    0x20000000   COMPRESSED   0x00000014   Data   RW          191    .data               system_stm32f4xx_1.o
    0x20000014   COMPRESSED   0x00000010   Data   RW         2865    .data               stm32f4xx_rcc.o
    0x20000024   COMPRESSED   0x0000000c   Data   RW         5187    .data               soft_i2c.o
    0x20000030   COMPRESSED   0x00000034   Data   RW         5349    .data               uart.o
    0x20000064   COMPRESSED   0x00000008   Data   RW         5526    .data               di.o
    0x2000006c   COMPRESSED   0x00000004   Data   RW         5558    .data               do.o
    0x20000070   COMPRESSED   0x00000180   Data   RW         5615    .data               oled_096.o
    0x200001f0        -       0x00000400   Zero   RW         5347    .bss                uart.o
    0x200005f0        -       0x00000060   Zero   RW         5968    .bss                c_w.l(libspace.o)
    0x20000650        -       0x00000200   Zero   RW            2    HEAP                startup_stm32f40_41xxx.o
    0x20000850        -       0x00000400   Zero   RW            1    STACK               startup_stm32f40_41xxx.o


==============================================================================

Image component sizes


      Code (inc. data)   RO Data    RW Data    ZI Data      Debug   Object Name

      1320         18          0          0          0       6583   buffer.o
       144          4          0          8          0       2217   di.o
       112          4          0          4          0       1733   do.o
       248         12          0          0          0       3506   gpio.o
       120         36          0          0          0        535   main.o
       120         14          0          0          0       1032   misc.o
       690         16       2072        384          0       5701   oled_096.o
       708         68          0         12          0       9335   soft_i2c.o
        64         26        392          0       1536        888   startup_stm32f40_41xxx.o
        26          0          0          0          0     259194   stm32f4xx_it_1.o
       264         24          0         16          0       3477   stm32f4xx_rcc.o
       452          8          0          0          0       5594   stm32f4xx_usart.o
       340         32          0         20          0       1813   system_stm32f4xx_1.o
       100         10          0          0          0       1042   systick.o
      1364        132         10         52       1024       9108   uart.o

    ----------------------------------------------------------------------
      6084        404       2506        496       2560     311758   Object Totals
         0          0         32          0          0          0   (incl. Generated)
        12          0          0          0          0          0   (incl. Padding)

    ----------------------------------------------------------------------

      Code (inc. data)   RO Data    RW Data    ZI Data      Debug   Library Member Name

        90          0          0          0          0          0   __dczerorl2.o
         8          0          0          0          0         68   __main.o
       392          4         17          0          0         92   __printf_flags_ss_wp.o
        14          0          0          0          0         68   __printf_wp.o
         0          0          0          0          0          0   __rtentry.o
        12          0          0          0          0          0   __rtentry2.o
         6          0          0          0          0          0   __rtentry4.o
        52          8          0          0          0          0   __scatter.o
        28          0          0          0          0          0   __scatter_zi.o
         6          0          0          0          0          0   _printf_a.o
         6          0          0          0          0          0   _printf_c.o
        44          0          0          0          0        108   _printf_char.o
        48          6          0          0          0         96   _printf_char_common.o
        40          0          0          0          0         68   _printf_charcount.o
         6          0          0          0          0          0   _printf_d.o
       120         16          0          0          0         92   _printf_dec.o
         6          0          0          0          0          0   _printf_e.o
         6          0          0          0          0          0   _printf_f.o
      1054          0          0          0          0        216   _printf_fp_dec.o
       764          8         38          0          0        100   _printf_fp_hex.o
       128         16          0          0          0         84   _printf_fp_infnan.o
         6          0          0          0          0          0   _printf_g.o
       148          4         40          0          0        160   _printf_hex_int_ll_ptr.o
         6          0          0          0          0          0   _printf_i.o
       178          0          0          0          0         88   _printf_intcommon.o
        10          0          0          0          0          0   _printf_l.o
         6          0          0          0          0          0   _printf_lc.o
        10          0          0          0          0          0   _printf_ll.o
         6          0          0          0          0          0   _printf_lld.o
         6          0          0          0          0          0   _printf_lli.o
         6          0          0          0          0          0   _printf_llo.o
         6          0          0          0          0          0   _printf_llu.o
         6          0          0          0          0          0   _printf_llx.o
       124         16          0          0          0         92   _printf_longlong_dec.o
         6          0          0          0          0          0   _printf_ls.o
         6          0          0          0          0          0   _printf_n.o
         6          0          0          0          0          0   _printf_o.o
       112         10          0          0          0        124   _printf_oct_int_ll.o
         6          0          0          0          0          0   _printf_p.o
        78          0          0          0          0        108   _printf_pad.o
         0          0          0          0          0          0   _printf_percent.o
         4          0          0          0          0          0   _printf_percent_end.o
         6          0          0          0          0          0   _printf_s.o
        82          0          0          0          0         80   _printf_str.o
        36          0          0          0          0         84   _printf_truncate.o
         6          0          0          0          0          0   _printf_u.o
        44          0          0          0          0        108   _printf_wchar.o
       188          6          8          0          0         92   _printf_wctomb.o
         6          0          0          0          0          0   _printf_x.o
        16          0          0          0          0         68   _snputc.o
        10          0          0          0          0         68   _sputc.o
        64          0          0          0          0         92   _wcrtomb.o
       228          4        148          0          0         96   bigflt0.o
      1936        128          0          0          0        672   btod.o
        10          0          0          0          0         68   defsig_exit.o
        50          0          0          0          0         88   defsig_general.o
        80         58          0          0          0         76   defsig_rtmem_inner.o
        14          0          0          0          0         80   defsig_rtmem_outer.o
        18          0          0          0          0         80   exit.o
        94          0          0          0          0         80   h1_alloc.o
        52          0          0          0          0         68   h1_extend.o
        78          0          0          0          0         80   h1_free.o
        14          0          0          0          0         84   h1_init.o
         6          0          0          0          0        152   heapauxi.o
         4          0          0          0          0        136   hguard.o
         0          0          0          0          0          0   indicate_semi.o
       138          0          0          0          0        168   init_alloc.o
        44         10        272          0          0         76   lc_ctype_c.o
        44         10         28          0          0         76   lc_numeric_c.o
         2          0          0          0          0          0   libinit.o
        42          0          0          0          0          0   libinit2.o
         2          0          0          0          0          0   libshutdown.o
         2          0          0          0          0          0   libshutdown2.o
         8          4          0          0         96         68   libspace.o
        38          0          0          0          0         68   llshl.o
       138          0          0          0          0         80   lludiv10.o
        38          0          0          0          0         68   llushr.o
         0          0          0          0          0          0   maybetermalloc1.o
        16          4          0          0          0         76   rt_ctype_table.o
         8          4          0          0          0         68   rt_heap_descriptor_intlibspace.o
         8          4          0          0          0         68   rt_locale_intlibspace.o
       138          0          0          0          0         68   rt_memcpy_v6.o
       100          0          0          0          0         80   rt_memcpy_w.o
         2          0          0          0          0          0   rtexit.o
        10          0          0          0          0          0   rtexit2.o
       128          0          0          0          0         68   strcmpv7m.o
        12          4          0          0          0         68   sys_exit.o
        74          0          0          0          0         80   sys_stackheap_outer.o
        14          0          0          0          0         76   sys_wrch.o
         2          0          0          0          0         68   use_no_semi.o
        52          4          0          0          0         80   vsnprintf.o
        10          0          0          0          0        116   fpinit.o
         4          0          0          0          0        116   printf1.o
         4          0          0          0          0        116   printf2.o
         0          0          0          0          0          0   usenofp.o
        48          0          0          0          0        124   fpclassify.o

    ----------------------------------------------------------------------
      7746        328        552          0         96       5792   Library Totals
        12          0          1          0          0          0   (incl. Padding)

    ----------------------------------------------------------------------

      Code (inc. data)   RO Data    RW Data    ZI Data      Debug   Library Name

      7668        328        551          0         96       5320   c_w.l
        18          0          0          0          0        348   fz_wm.l
        48          0          0          0          0        124   m_wm.l

    ----------------------------------------------------------------------
      7746        328        552          0         96       5792   Library Totals

    ----------------------------------------------------------------------

==============================================================================


      Code (inc. data)   RO Data    RW Data    ZI Data      Debug   

     13830        732       3058        496       2656     308734   Grand Totals
     13830        732       3058        216       2656     308734   ELF Image Totals (compressed)
     13830        732       3058        216          0          0   ROM Totals

==============================================================================

    Total RO  Size (Code + RO Data)                16888 (  16.49kB)
    Total RW  Size (RW Data + ZI Data)              3152 (   3.08kB)
    Total ROM Size (Code + RO Data + RW Data)      17104 (  16.70kB)

==============================================================================

